Archive member included to satisfy reference by file (symbol)

.pio/build/uno_r4_wifi/lib7a6/libRTC.a(RTC.cpp.o)
                              .pio/build/uno_r4_wifi/src/main.cpp.o (AlarmMatch::AlarmMatch())
.pio/build/uno_r4_wifi/libFrameworkArduinoVariant.a(main.c.o)
                              /home/blaze-8th/.platformio/packages/toolchain-gccarmnoneeabi/bin/../lib/gcc/arm-none-eabi/7.2.1/../../../../arm-none-eabi/lib/thumb/v7e-m/fpv4-sp/hard/crt0.o (main)
.pio/build/uno_r4_wifi/libFrameworkArduino.a(IRQManager.cpp.o)
                              .pio/build/uno_r4_wifi/lib7a6/libRTC.a(RTC.cpp.o) (IRQManager::getInstance())
.pio/build/uno_r4_wifi/libFrameworkArduino.a(Serial.cpp.o)
                              .pio/build/uno_r4_wifi/src/main.cpp.o (UART::begin(unsigned long))
.pio/build/uno_r4_wifi/libFrameworkArduino.a(SerialObj1.cpp.o)
                              .pio/build/uno_r4_wifi/src/main.cpp.o (_UART1_)
.pio/build/uno_r4_wifi/libFrameworkArduino.a(Print.cpp.o)
                              .pio/build/uno_r4_wifi/libFrameworkArduino.a(Serial.cpp.o) (arduino::Print::write(unsigned char const*, unsigned int))
.pio/build/uno_r4_wifi/libFrameworkArduino.a(String.cpp.o)
                              .pio/build/uno_r4_wifi/lib7a6/libRTC.a(RTC.cpp.o) (arduino::String::~String())
.pio/build/uno_r4_wifi/libFrameworkArduino.a(digital.cpp.o)
                              .pio/build/uno_r4_wifi/src/main.cpp.o (digitalWrite)
.pio/build/uno_r4_wifi/libFrameworkArduino.a(itoa.c.o)
                              .pio/build/uno_r4_wifi/libFrameworkArduino.a(String.cpp.o) (dtostrf)
.pio/build/uno_r4_wifi/libFrameworkArduino.a(main.cpp.o)
                              .pio/build/uno_r4_wifi/libFrameworkArduinoVariant.a(main.c.o) (hal_entry)
.pio/build/uno_r4_wifi/libFrameworkArduino.a(time.cpp.o)
                              .pio/build/uno_r4_wifi/libFrameworkArduino.a(main.cpp.o) (startAgt())
.pio/build/uno_r4_wifi/libFrameworkArduino.a(variant_helper.cpp.o)
                              .pio/build/uno_r4_wifi/libFrameworkArduino.a(Serial.cpp.o) (getPinCfgs(unsigned char, PinCfgReq_t))
.pio/build/uno_r4_wifi/libFrameworkArduino.a(vector_table.c.o)
                              .pio/build/uno_r4_wifi/libFrameworkArduino.a(main.cpp.o) (g_vector_table)
.pio/build/uno_r4_wifi/libFrameworkArduino.a(FspTimer.cpp.o)
                              .pio/build/uno_r4_wifi/libFrameworkArduino.a(time.cpp.o) (FspTimer::FspTimer())
.pio/build/uno_r4_wifi/libFrameworkArduino.a(analog.cpp.o)
                              .pio/build/uno_r4_wifi/libFrameworkArduino.a(main.cpp.o) (analogReference())
.pio/build/uno_r4_wifi/libFrameworkArduino.a(Common.cpp.o)
                              .pio/build/uno_r4_wifi/libFrameworkArduino.a(analog.cpp.o) (map(long, long, long, long, long))
.pio/build/uno_r4_wifi/libFrameworkArduino.a(cm_backtrace.c.o)
                              .pio/build/uno_r4_wifi/libFrameworkArduino.a(main.cpp.o) (cm_backtrace_init)
.pio/build/uno_r4_wifi/libFrameworkArduino.a(cortex_handlers.c.o)
                              .pio/build/uno_r4_wifi/libFrameworkArduino.a(main.cpp.o) (Stacktrace_Handler)
.pio/build/uno_r4_wifi/libFrameworkArduino.a(dac.cpp.o)
                              .pio/build/uno_r4_wifi/libFrameworkArduino.a(analog.cpp.o) (CDac::analogWrite(int))
.pio/build/uno_r4_wifi/libFrameworkArduino.a(pinDefinitions.cpp.o)
                              .pio/build/uno_r4_wifi/libFrameworkArduino.a(analog.cpp.o) (pinPeripheral(e_bsp_io_port_pin_t, unsigned long))
.pio/build/uno_r4_wifi/libFrameworkArduino.a(pwm.cpp.o)
                              .pio/build/uno_r4_wifi/libFrameworkArduino.a(analog.cpp.o) (PwmOut::PwmOut(int))
/home/blaze-8th/.platformio/packages/framework-arduinorenesas-uno/variants/UNOWIFIR4/libs/libfsp.a(r_spi.o)
                              .pio/build/uno_r4_wifi/libFrameworkArduino.a(IRQManager.cpp.o) (spi_rxi_isr)
/home/blaze-8th/.platformio/packages/framework-arduinorenesas-uno/variants/UNOWIFIR4/libs/libfsp.a(r_sci_uart.o)
                              .pio/build/uno_r4_wifi/libFrameworkArduino.a(Serial.cpp.o) (R_SCI_UART_Write)
/home/blaze-8th/.platformio/packages/framework-arduinorenesas-uno/variants/UNOWIFIR4/libs/libfsp.a(r_sci_spi.o)
                              .pio/build/uno_r4_wifi/libFrameworkArduino.a(IRQManager.cpp.o) (sci_spi_txi_isr)
/home/blaze-8th/.platformio/packages/framework-arduinorenesas-uno/variants/UNOWIFIR4/libs/libfsp.a(r_sci_i2c.o)
                              .pio/build/uno_r4_wifi/libFrameworkArduino.a(IRQManager.cpp.o) (sci_i2c_rxi_isr)
/home/blaze-8th/.platformio/packages/framework-arduinorenesas-uno/variants/UNOWIFIR4/libs/libfsp.a(r_rtc.o)
                              .pio/build/uno_r4_wifi/lib7a6/libRTC.a(RTC.cpp.o) (R_RTC_InfoGet)
/home/blaze-8th/.platformio/packages/framework-arduinorenesas-uno/variants/UNOWIFIR4/libs/libfsp.a(r_ioport.o)
[...]
Memory Configuration

Name             Origin             Length             Attributes
FLASH            0x0000000000004000 0x000000000003c000 xr
RAM              0x0000000020000000 0x0000000000008000 xrw
DATA_FLASH       0x0000000040100000 0x0000000000002000 xr
OPTION_SETTING   0x0000000000000000 0x0000000000000000 r
OPTION_SETTING_S 0x0000000000000000 0x0000000000000000 r
ID_CODE          0x0000000001010018 0x0000000000000020 xr
*default*        0x0000000000000000 0xffffffffffffffff

Linker script and memory map

LOAD /home/blaze-8th/.platformio/packages/toolchain-gccarmnoneeabi/bin/../lib/gcc/arm-none-eabi/7.2.1/thumb/v7e-m/fpv4-sp/hard/crti.o
LOAD /home/blaze-8th/.platformio/packages/toolchain-gccarmnoneeabi/bin/../lib/gcc/arm-none-eabi/7.2.1/thumb/v7e-m/fpv4-sp/hard/crtbegin.o
LOAD /home/blaze-8th/.platformio/packages/toolchain-gccarmnoneeabi/bin/../lib/gcc/arm-none-eabi/7.2.1/../../../../arm-none-eabi/lib/thumb/v7e-m/fpv4-sp/hard/crt0.o
LOAD .pio/build/uno_r4_wifi/src/main.cpp.o
START GROUP
LOAD .pio/build/uno_r4_wifi/liba49/libNTPClient.a
LOAD .pio/build/uno_r4_wifi/lib7a6/libRTC.a
LOAD .pio/build/uno_r4_wifi/libFrameworkArduinoVariant.a
LOAD .pio/build/uno_r4_wifi/libFrameworkArduino.a
LOAD /home/blaze-8th/.platformio/packages/framework-arduinorenesas-uno/variants/UNOWIFIR4/libs/libfsp.a
LOAD /home/blaze-8th/.platformio/packages/toolchain-gccarmnoneeabi/bin/../lib/gcc/arm-none-eabi/7.2.1/../../../../arm-none-eabi/lib/thumb/v7e-m/fpv4-sp/hard/libstdc++_nano.a
LOAD /home/blaze-8th/.platformio/packages/toolchain-gccarmnoneeabi/bin/../lib/gcc/arm-none-eabi/7.2.1/../../../../arm-none-eabi/lib/thumb/v7e-m/fpv4-sp/hard/libsupc++_nano.a
LOAD /home/blaze-8th/.platformio/packages/toolchain-gccarmnoneeabi/bin/../lib/gcc/arm-none-eabi/7.2.1/thumb/v7e-m/fpv4-sp/hard/libgcc.a
LOAD /home/blaze-8th/.platformio/packages/toolchain-gccarmnoneeabi/bin/../lib/gcc/arm-none-eabi/7.2.1/../../../../arm-none-eabi/lib/thumb/v7e-m/fpv4-sp/hard/libnosys.a
END GROUP
LOAD /home/blaze-8th/.platformio/packages/toolchain-gccarmnoneeabi/bin/../lib/gcc/arm-none-eabi/7.2.1/../../../../arm-none-eabi/lib/thumb/v7e-m/fpv4-sp/hard/libstdc++_nano.a
LOAD /home/blaze-8th/.platformio/packages/toolchain-gccarmnoneeabi/bin/../lib/gcc/arm-none-eabi/7.2.1/../../../../arm-none-eabi/lib/thumb/v7e-m/fpv4-sp/hard/libm.a
LOAD /home/blaze-8th/.platformio/packages/toolchain-gccarmnoneeabi/bin/../lib/gcc/arm-none-eabi/7.2.1/../../../../arm-none-eabi/lib/thumb/v7e-m/fpv4-sp/hard/libc_nano.a
START GROUP
LOAD /home/blaze-8th/.platformio/packages/toolchain-gccarmnoneeabi/bin/../lib/gcc/arm-none-eabi/7.2.1/thumb/v7e-m/fpv4-sp/hard/libgcc.a
LOAD /home/blaze-8th/.platformio/packages/toolchain-gccarmnoneeabi/bin/../lib/gcc/arm-none-eabi/7.2.1/../../../../arm-none-eabi/lib/thumb/v7e-m/fpv4-sp/hard/libc_nano.a
END GROUP
START GROUP
LOAD /home/blaze-8th/.platformio/packages/toolchain-gccarmnoneeabi/bin/../lib/gcc/arm-none-eabi/7.2.1/thumb/v7e-m/fpv4-sp/hard/libgcc.a
LOAD /home/blaze-8th/.platformio/packages/toolchain-gccarmnoneeabi/bin/../lib/gcc/arm-none-eabi/7.2.1/../../../../arm-none-eabi/lib/thumb/v7e-m/fpv4-sp/hard/libc_nano.a
LOAD /home/blaze-8th/.platformio/packages/toolchain-gccarmnoneeabi/bin/../lib/gcc/arm-none-eabi/7.2.1/../../../../arm-none-eabi/lib/thumb/v7e-m/fpv4-sp/hard/libnosys.a
END GROUP
START GROUP
LOAD /home/blaze-8th/.platformio/packages/toolchain-gccarmnoneeabi/bin/../lib/gcc/arm-none-eabi/7.2.1/thumb/v7e-m/fpv4-sp/hard/libgcc.a
LOAD /home/blaze-8th/.platformio/packages/toolchain-gccarmnoneeabi/bin/../lib/gcc/arm-none-eabi/7.2.1/../../../../arm-none-eabi/lib/thumb/v7e-m/fpv4-sp/hard/libc_nano.a
LOAD /home/blaze-8th/.platformio/packages/toolchain-gccarmnoneeabi/bin/../lib/gcc/arm-none-eabi/7.2.1/../../../../arm-none-eabi/lib/thumb/v7e-m/fpv4-sp/hard/libnosys.a
END GROUP
LOAD /home/blaze-8th/.platformio/packages/toolchain-gccarmnoneeabi/bin/../lib/gcc/arm-none-eabi/7.2.1/thumb/v7e-m/fpv4-sp/hard/crtend.o
LOAD /home/blaze-8th/.platformio/packages/toolchain-gccarmnoneeabi/bin/../lib/gcc/arm-none-eabi/7.2.1/thumb/v7e-m/fpv4-sp/hard/crtn.o
                0x0000000020000000                RAM_START = 0x20000000
                0x0000000000008000                RAM_LENGTH = 0x8000
                0x0000000000000000                FLASH_START = 0x0
                0x0000000000040000                FLASH_LENGTH = 0x40000
                0x0000000040100000                DATA_FLASH_START = 0x40100000
                0x0000000000002000                DATA_FLASH_LENGTH = 0x2000
                0x0000000000000000                OPTION_SETTING_START = 0x0
                0x0000000000000000                OPTION_SETTING_LENGTH = 0x0
                0x0000000000000000                OPTION_SETTING_S_START = 0x0
                0x0000000000000000                OPTION_SETTING_S_LENGTH = 0x0
                0x0000000001010018                ID_CODE_START = 0x1010018
                0x0000000000000020                ID_CODE_LENGTH = 0x20
                0x0000000090000000                SDRAM_START = 0x90000000
                0x0000000000000000                SDRAM_LENGTH = 0x0
                0x0000000060000000                QSPI_FLASH_START = 0x60000000
                0x0000000000000000                QSPI_FLASH_LENGTH = 0x0
                0x0000000068000000                OSPI_DEVICE_0_START = 0x68000000
                0x0000000000000000                OSPI_DEVICE_0_LENGTH = 0x0
                0x0000000070000000                OSPI_DEVICE_1_START = 0x70000000
                0x0000000000000000                OSPI_DEVICE_1_LENGTH = 0x0
                0x0000000000004000                FLASH_IMAGE_START = 0x4000
                0x0000000000000100                VECTOR_TABLE_LENGTH = 0x100
                0x0000000000000400                BSP_CFG_STACK_MAIN_BYTES = 0x400
START GROUP
LOAD /home/blaze-8th/.platformio/packages/toolchain-gccarmnoneeabi/bin/../lib/gcc/arm-none-eabi/7.2.1/thumb/v7e-m/fpv4-sp/hard/libgcc.a
LOAD /home/blaze-8th/.platformio/packages/toolchain-gccarmnoneeabi/bin/../lib/gcc/arm-none-eabi/7.2.1/../../../../arm-none-eabi/lib/thumb/v7e-m/fpv4-sp/hard/libc.a
LOAD /home/blaze-8th/.platformio/packages/toolchain-gccarmnoneeabi/bin/../lib/gcc/arm-none-eabi/7.2.1/../../../../arm-none-eabi/lib/thumb/v7e-m/fpv4-sp/hard/libm.a
LOAD /home/blaze-8th/.platformio/packages/toolchain-gccarmnoneeabi/bin/../lib/gcc/arm-none-eabi/7.2.1/../../../../arm-none-eabi/lib/thumb/v7e-m/fpv4-sp/hard/libnosys.a
END GROUP

.text           0x0000000000004000     0xac5c
                0x0000000000000000                __tz_FLASH_S = ABSOLUTE (FLASH_START)
                0x0000000000004000                __ROM_Start = .
 *(.sketch_boot)
                0x0000000000004000                . = ALIGN (0x800)
 *(.fixed_vectors*)
 .fixed_vectors
                0x0000000000004000       0x40 /home/blaze-8th/.platformio/packages/framework-arduinorenesas-uno/variants/UNOWIFIR4/libs/libfsp.a(startup.o)
                0x0000000000004000                __Vectors
 *(.application_vectors*)
 .application_vectors
                0x0000000000004040       0x80 .pio/build/uno_r4_wifi/libFrameworkArduino.a(vector_table.c.o)
                0x0000000000004040                g_vector_table
                0x00000000000040c0                __Vectors_End = .
 *(.text*)
 .text          0x00000000000040c0       0x40 /home/blaze-8th/.platformio/packages/toolchain-gccarmnoneeabi/bin/../lib/gcc/arm-none-eabi/7.2.1/thumb/v7e-m/fpv4-sp/hard/crtbegin.o
 .text._Z12alarmTriggerv
                0x0000000000004100       0x68 .pio/build/uno_r4_wifi/src/main.cpp.o
                0x0000000000004100                alarmTrigger()
 .text.loop     0x0000000000004168        0x2 .pio/build/uno_r4_wifi/src/main.cpp.o
                0x0000000000004168                loop
 *fill*         0x000000000000416a        0x2 ff
 .text.startup._GLOBAL__sub_I_irqFlag
                0x000000000000416c       0x1c .pio/build/uno_r4_wifi/src/main.cpp.o
 .text.exit._GLOBAL__sub_D_irqFlag
                0x0000000000004188       0x1c .pio/build/uno_r4_wifi/src/main.cpp.o
 .text.setup    0x00000000000041a4       0xb0 .pio/build/uno_r4_wifi/src/main.cpp.o
                0x00000000000041a4                setup
 .text._Z12rtc_callbackP20st_rtc_callback_args
                0x0000000000004254       0x2c .pio/build/uno_r4_wifi/lib7a6/libRTC.a(RTC.cpp.o)
                0x0000000000004254                rtc_callback(st_rtc_callback_args*)
 .text._ZN10AlarmMatchC2Ev
                0x0000000000004280        0x6 .pio/build/uno_r4_wifi/lib7a6/libRTC.a(RTC.cpp.o)
                0x0000000000004280                AlarmMatch::AlarmMatch()
                0x0000000000004280                AlarmMatch::AlarmMatch()
 .text._ZN10AlarmMatchD2Ev
                0x0000000000004286        0x2 .pio/build/uno_r4_wifi/lib7a6/libRTC.a(RTC.cpp.o)
                0x0000000000004286                AlarmMatch::~AlarmMatch()
                0x0000000000004286                AlarmMatch::~AlarmMatch()
 .text._ZN10AlarmMatch12addMatchHourEv
                0x0000000000004288        0xa .pio/build/uno_r4_wifi/lib7a6/libRTC.a(RTC.cpp.o)
                0x0000000000004288                AlarmMatch::addMatchHour()
 *fill*         0x0000000000004292        0x2 ff
 .text._Z8Month2tm5Month
                0x0000000000004294       0x14 .pio/build/uno_r4_wifi/lib7a6/libRTC.a(RTC.cpp.o)
                0x0000000000004294                Month2tm(Month)
 .text._Z12DayOfWeek2tm9DayOfWeek
                0x00000000000042a8       0x14 .pio/build/uno_r4_wifi/lib7a6/libRTC.a(RTC.cpp.o)
                0x00000000000042a8                DayOfWeek2tm(DayOfWeek)
 .text._ZN7RTCTimeC2Ev
                0x00000000000042bc       0x22 .pio/build/uno_r4_wifi/lib7a6/libRTC.a(RTC.cpp.o)
                0x00000000000042bc                RTCTime::RTCTime()
                0x00000000000042bc                RTCTime::RTCTime()
 .text._ZN7RTCTimeD2Ev
                0x00000000000042de        0x2 .pio/build/uno_r4_wifi/lib7a6/libRTC.a(RTC.cpp.o)
                0x00000000000042de                RTCTime::~RTCTime()
                0x00000000000042de                RTCTime::~RTCTime()
 .text._ZN7RTCTime13setDayOfMonthEi
                0x00000000000042e0       0x10 .pio/build/uno_r4_wifi/lib7a6/libRTC.a(RTC.cpp.o)
                0x00000000000042e0                RTCTime::setDayOfMonth(int)
 .text._ZN7RTCTime14setMonthOfYearE5Month
                0x00000000000042f0       0x14 .pio/build/uno_r4_wifi/lib7a6/libRTC.a(RTC.cpp.o)
                0x00000000000042f0                RTCTime::setMonthOfYear(Month)
 .text._ZN7RTCTime7setYearEi
                0x0000000000004304       0x14 .pio/build/uno_r4_wifi/lib7a6/libRTC.a(RTC.cpp.o)
                0x0000000000004304                RTCTime::setYear(int)
 .text._ZN7RTCTime7setHourEi
                0x0000000000004318        0xe .pio/build/uno_r4_wifi/lib7a6/libRTC.a(RTC.cpp.o)
                0x0000000000004318                RTCTime::setHour(int)
 .text._ZN7RTCTime12setDayOfWeekE9DayOfWeek
                0x0000000000004326       0x14 .pio/build/uno_r4_wifi/lib7a6/libRTC.a(RTC.cpp.o)
                0x0000000000004326                RTCTime::setDayOfWeek(DayOfWeek)
 .text._ZN7RTCTimeC2Ei5Monthiiii9DayOfWeek9SaveLight
                0x000000000000433a       0x6c .pio/build/uno_r4_wifi/lib7a6/libRTC.a(RTC.cpp.o)
                0x000000000000433a                RTCTime::RTCTime(int, Month, int, int, int, int, DayOfWeek, SaveLight)
                0x000000000000433a                RTCTime::RTCTime(int, Month, int, int, int, int, DayOfWeek, SaveLight)
 *fill*         0x00000000000043a6        0x2 ff
 .text._Z12isRtcRunningv
                0x00000000000043a8       0x20 .pio/build/uno_r4_wifi/lib7a6/libRTC.a(RTC.cpp.o)
                0x00000000000043a8                isRtcRunning()
 .text._Z7openRtcv
                0x00000000000043c8       0x2c .pio/build/uno_r4_wifi/lib7a6/libRTC.a(RTC.cpp.o)
                0x00000000000043c8                openRtc()
 .text._ZN7RTClock5beginEv
                0x00000000000043f4       0x16 .pio/build/uno_r4_wifi/lib7a6/libRTC.a(RTC.cpp.o)
                0x00000000000043f4                RTClock::begin()
 *fill*         0x000000000000440a        0x2 ff
 .text._ZN7RTClock16setAlarmCallbackEPFvvER7RTCTimeR10AlarmMatch
                0x000000000000440c       0xdc .pio/build/uno_r4_wifi/lib7a6/libRTC.a(RTC.cpp.o)
                0x000000000000440c                RTClock::setAlarmCallback(void (*)(), RTCTime&, AlarmMatch&)
 .text._ZN7RTClock7setTimeER7RTCTime
                0x00000000000044e8       0x3c .pio/build/uno_r4_wifi/lib7a6/libRTC.a(RTC.cpp.o)
                0x00000000000044e8                RTClock::setTime(RTCTime&)
 .text.startup._GLOBAL__sub_I__ZN10AlarmMatchC2Ev
                0x0000000000004524        0xc .pio/build/uno_r4_wifi/lib7a6/libRTC.a(RTC.cpp.o)
 .text.startup.main
                0x0000000000004530        0xa .pio/build/uno_r4_wifi/libFrameworkArduinoVariant.a(main.c.o)
                0x0000000000004530                main
 *fill*         0x000000000000453a        0x2 ff
 .text.__NVIC_SetPriority
                0x000000000000453c       0x28 .pio/build/uno_r4_wifi/libFrameworkArduino.a(IRQManager.cpp.o)
 .text.R_BSP_IrqEnable
                0x0000000000004564       0x34 .pio/build/uno_r4_wifi/libFrameworkArduino.a(IRQManager.cpp.o)
 .text.R_BSP_IrqDisable
                0x0000000000004598       0x24 .pio/build/uno_r4_wifi/libFrameworkArduino.a(IRQManager.cpp.o)
 .text.__tcf_0  0x00000000000045bc        0x2 .pio/build/uno_r4_wifi/libFrameworkArduino.a(IRQManager.cpp.o)
 *fill*         0x00000000000045be        0x2 ff
 .text._ZN10IRQManager11getInstanceEv
                0x00000000000045c0       0x38 .pio/build/uno_r4_wifi/libFrameworkArduino.a(IRQManager.cpp.o)
                0x00000000000045c0                IRQManager::getInstance()
 .text._ZN10IRQManager18set_ext_link_eventEii
                0x00000000000045f8       0xc8 .pio/build/uno_r4_wifi/libFrameworkArduino.a(IRQManager.cpp.o)
                0x00000000000045f8                IRQManager::set_ext_link_event(int, int)
 .text._ZN10IRQManager23set_gpt_over_link_eventEii
                0x00000000000046c0       0x70 .pio/build/uno_r4_wifi/libFrameworkArduino.a(IRQManager.cpp.o)
                0x00000000000046c0                IRQManager::set_gpt_over_link_event(int, int)
 .text._ZN10IRQManager18set_agt_link_eventEii
                0x0000000000004730       0x28 .pio/build/uno_r4_wifi/libFrameworkArduino.a(IRQManager.cpp.o)
                0x0000000000004730                IRQManager::set_agt_link_event(int, int)
 .text._ZN10IRQManager16addTimerOverflowER5timerPFvvE
                0x0000000000004758       0x80 .pio/build/uno_r4_wifi/libFrameworkArduino.a(IRQManager.cpp.o)
                0x0000000000004758                IRQManager::addTimerOverflow(timer&, void (*)())
 .text._ZN10IRQManager21set_iic_tx_link_eventEii
                0x00000000000047d8       0x20 .pio/build/uno_r4_wifi/libFrameworkArduino.a(IRQManager.cpp.o)
                0x00000000000047d8                IRQManager::set_iic_tx_link_event(int, int)
 .text._ZN10IRQManager21set_iic_rx_link_eventEii
                0x00000000000047f8       0x20 .pio/build/uno_r4_wifi/libFrameworkArduino.a(IRQManager.cpp.o)
                0x00000000000047f8                IRQManager::set_iic_rx_link_event(int, int)
 .text._ZN10IRQManager22set_iic_tei_link_eventEii
                0x0000000000004818       0x20 .pio/build/uno_r4_wifi/libFrameworkArduino.a(IRQManager.cpp.o)
                0x0000000000004818                IRQManager::set_iic_tei_link_event(int, int)
 .text._ZN10IRQManager22set_iic_eri_link_eventEii
                0x0000000000004838       0x20 .pio/build/uno_r4_wifi/libFrameworkArduino.a(IRQManager.cpp.o)
                0x0000000000004838                IRQManager::set_iic_eri_link_event(int, int)
 .text._ZN10IRQManager21set_sci_tx_link_eventEii
                0x0000000000004858       0x38 .pio/build/uno_r4_wifi/libFrameworkArduino.a(IRQManager.cpp.o)
                0x0000000000004858                IRQManager::set_sci_tx_link_event(int, int)
 .text._ZN10IRQManager21set_sci_rx_link_eventEii
                0x0000000000004890       0x38 .pio/build/uno_r4_wifi/libFrameworkArduino.a(IRQManager.cpp.o)
                0x0000000000004890                IRQManager::set_sci_rx_link_event(int, int)
 .text._ZN10IRQManager22set_sci_tei_link_eventEii
                0x00000000000048c8       0x38 .pio/build/uno_r4_wifi/libFrameworkArduino.a(IRQManager.cpp.o)
                0x00000000000048c8                IRQManager::set_sci_tei_link_event(int, int)
 .text._ZN10IRQManager22set_sci_eri_link_eventEii
                0x0000000000004900       0x38 .pio/build/uno_r4_wifi/libFrameworkArduino.a(IRQManager.cpp.o)
                0x0000000000004900                IRQManager::set_sci_eri_link_event(int, int)
 .text._ZN10IRQManager21set_spi_tx_link_eventEii
                0x0000000000004938       0x20 .pio/build/uno_r4_wifi/libFrameworkArduino.a(IRQManager.cpp.o)
                0x0000000000004938                IRQManager::set_spi_tx_link_event(int, int)
 .text._ZN10IRQManager21set_spi_rx_link_eventEii
                0x0000000000004958       0x20 .pio/build/uno_r4_wifi/libFrameworkArduino.a(IRQManager.cpp.o)
                0x0000000000004958                IRQManager::set_spi_rx_link_event(int, int)
 .text._ZN10IRQManager22set_spi_tei_link_eventEii
                0x0000000000004978       0x20 .pio/build/uno_r4_wifi/libFrameworkArduino.a(IRQManager.cpp.o)
                0x0000000000004978                IRQManager::set_spi_tei_link_event(int, int)
 .text._ZN10IRQManager22set_spi_eri_link_eventEii
                0x0000000000004998       0x20 .pio/build/uno_r4_wifi/libFrameworkArduino.a(IRQManager.cpp.o)
                0x0000000000004998                IRQManager::set_spi_eri_link_event(int, int)
 .text._ZN10IRQManager13addPeripheralE12Peripheral_tPv
                0x00000000000049b8      0x904 .pio/build/uno_r4_wifi/libFrameworkArduino.a(IRQManager.cpp.o)
                0x00000000000049b8                IRQManager::addPeripheral(Peripheral_t, void*)
 .text._ZN7arduino5Print17availableForWriteEv
                0x00000000000052bc        0x4 .pio/build/uno_r4_wifi/libFrameworkArduino.a(Serial.cpp.o)
                0x00000000000052bc                arduino::Print::availableForWrite()
 .text._ZN4UARTcvbEv
                0x00000000000052c0        0x4 .pio/build/uno_r4_wifi/libFrameworkArduino.a(Serial.cpp.o)
                0x00000000000052c0                UART::operator bool()
 .text._ZN4UART5beginEm
                0x00000000000052c4        0xa .pio/build/uno_r4_wifi/libFrameworkArduino.a(Serial.cpp.o)
                0x00000000000052c4                UART::begin(unsigned long)
 .text._ZN4UART5flushEv
                0x00000000000052ce        0xa .pio/build/uno_r4_wifi/libFrameworkArduino.a(Serial.cpp.o)
                0x00000000000052ce                UART::flush()
 .text._ZN4UART4peekEv
                0x00000000000052d8       0x18 .pio/build/uno_r4_wifi/libFrameworkArduino.a(Serial.cpp.o)
                0x00000000000052d8                UART::peek()
 .text._ZN4UART5writeEh
                0x00000000000052f0       0x34 .pio/build/uno_r4_wifi/libFrameworkArduino.a(Serial.cpp.o)
                0x00000000000052f0                UART::write(unsigned char)
 .text._ZN4UART3endEv
                0x0000000000005324       0x22 .pio/build/uno_r4_wifi/libFrameworkArduino.a(Serial.cpp.o)
                0x0000000000005324                UART::end()
 .text._ZN7__GuardD2Ev
                0x0000000000005346        0xc .pio/build/uno_r4_wifi/libFrameworkArduino.a(Serial.cpp.o)
                0x0000000000005346                __Guard::~__Guard()
                0x0000000000005346                __Guard::~__Guard()
 .text._ZN4UART9availableEv
                0x0000000000005352       0x32 .pio/build/uno_r4_wifi/libFrameworkArduino.a(Serial.cpp.o)
                0x0000000000005352                UART::available()
 .text._ZN4UART15WrapperCallbackEP20st_uart_callback_arg
                0x0000000000005384       0x90 .pio/build/uno_r4_wifi/libFrameworkArduino.a(Serial.cpp.o)
                0x0000000000005384                UART::WrapperCallback(st_uart_callback_arg*)
 .text._ZN4UART4readEv
                0x0000000000005414       0x5c .pio/build/uno_r4_wifi/libFrameworkArduino.a(Serial.cpp.o)
                0x0000000000005414                UART::read()
 .text._ZN4UARTC2Eiiii
                0x0000000000005470       0x78 .pio/build/uno_r4_wifi/libFrameworkArduino.a(Serial.cpp.o)
                0x0000000000005470                UART::UART(int, int, int, int)
                0x0000000000005470                UART::UART(int, int, int, int)
 .text._ZN4UART13setUpUartIrqsER11st_uart_cfg
                0x00000000000054e8       0x14 .pio/build/uno_r4_wifi/libFrameworkArduino.a(Serial.cpp.o)
                0x00000000000054e8                UART::setUpUartIrqs(st_uart_cfg&)
 .text._ZN4UART8cfg_pinsEi
                0x00000000000054fc       0xe8 .pio/build/uno_r4_wifi/libFrameworkArduino.a(Serial.cpp.o)
                0x00000000000054fc                UART::cfg_pins(int)
 .text._ZN4UART5beginEmt
                0x00000000000055e4      0x1a8 .pio/build/uno_r4_wifi/libFrameworkArduino.a(Serial.cpp.o)
                0x00000000000055e4                UART::begin(unsigned long, unsigned short)
 .text._ZN4UART9write_rawEPhj
                0x000000000000578c       0x1e .pio/build/uno_r4_wifi/libFrameworkArduino.a(Serial.cpp.o)
                0x000000000000578c                UART::write_raw(unsigned char*, unsigned int)
 *fill*         0x00000000000057aa        0x2 ff
 .text.startup._GLOBAL__sub_I__UART1_
                0x00000000000057ac       0x1c .pio/build/uno_r4_wifi/libFrameworkArduino.a(SerialObj1.cpp.o)
 .text._ZN7arduino5Print5writeEPKhj
                0x00000000000057c8       0x2c .pio/build/uno_r4_wifi/libFrameworkArduino.a(Print.cpp.o)
                0x00000000000057c8                arduino::Print::write(unsigned char const*, unsigned int)
 .text._ZN7arduino5Print5writeEPKc.part.2
                0x00000000000057f4       0x1e .pio/build/uno_r4_wifi/libFrameworkArduino.a(Print.cpp.o)
 .text._ZN7arduino5Print5writeEPKc
                0x0000000000005812        0xa .pio/build/uno_r4_wifi/libFrameworkArduino.a(Print.cpp.o)
                0x0000000000005812                arduino::Print::write(char const*)
 .text._ZN7arduino5Print7printlnEv
                0x000000000000581c        0xc .pio/build/uno_r4_wifi/libFrameworkArduino.a(Print.cpp.o)
                0x000000000000581c                arduino::Print::println()
 .text._ZN7arduino5Print7printlnEPKc
                0x0000000000005828       0x14 .pio/build/uno_r4_wifi/libFrameworkArduino.a(Print.cpp.o)
                0x0000000000005828                arduino::Print::println(char const*)
 .text.pinMode  0x000000000000583c       0x30 .pio/build/uno_r4_wifi/libFrameworkArduino.a(digital.cpp.o)
                0x000000000000583c                pinMode
 .text.digitalWrite
                0x000000000000586c       0x18 .pio/build/uno_r4_wifi/libFrameworkArduino.a(digital.cpp.o)
                0x000000000000586c                digitalWrite
 .text.R_BSP_PinAccessEnable
                0x0000000000005884       0x2c .pio/build/uno_r4_wifi/libFrameworkArduino.a(main.cpp.o)
 .text.start_freertos_on_header_inclusion
                0x00000000000058b0        0x2 .pio/build/uno_r4_wifi/libFrameworkArduino.a(main.cpp.o)
                0x00000000000058b0                start_freertos_on_header_inclusion
 .text.early_start_freertos_on_header_inclusion
                0x00000000000058b2        0x2 .pio/build/uno_r4_wifi/libFrameworkArduino.a(main.cpp.o)
                0x00000000000058b2                early_start_freertos_on_header_inclusion
 .text._Z12arduino_mainv
                0x00000000000058b4       0x94 .pio/build/uno_r4_wifi/libFrameworkArduino.a(main.cpp.o)
                0x00000000000058b4                arduino_main()
 .text._write   0x0000000000005948        0xc .pio/build/uno_r4_wifi/libFrameworkArduino.a(main.cpp.o)
                0x0000000000005948                _write
 .text.hal_entry
                0x0000000000005954        0x6 .pio/build/uno_r4_wifi/libFrameworkArduino.a(main.cpp.o)
                0x0000000000005954                hal_entry
 .text.atexit   0x000000000000595a        0x4 .pio/build/uno_r4_wifi/libFrameworkArduino.a(main.cpp.o)
                0x000000000000595a                atexit
 *fill*         0x000000000000595e        0x2 ff
 .text._ZL21timer_micros_callbackP22st_timer_callback_args
                0x0000000000005960       0x10 .pio/build/uno_r4_wifi/libFrameworkArduino.a(time.cpp.o)
 .text.delayMicroseconds
                0x0000000000005970        0x6 .pio/build/uno_r4_wifi/libFrameworkArduino.a(time.cpp.o)
                0x0000000000005970                delayMicroseconds
 *fill*         0x0000000000005976        0x2 ff
 .text._Z8startAgtv
                0x0000000000005978       0x6c .pio/build/uno_r4_wifi/libFrameworkArduino.a(time.cpp.o)
                0x0000000000005978                startAgt()
 .text.startup._GLOBAL__sub_I_delayMicroseconds
                0x00000000000059e4        0xc .pio/build/uno_r4_wifi/libFrameworkArduino.a(time.cpp.o)
 .text.exit._GLOBAL__sub_D_delayMicroseconds
                0x00000000000059f0        0xc .pio/build/uno_r4_wifi/libFrameworkArduino.a(time.cpp.o)
 .text._Z10getPinCfgsh11PinCfgReq_t
                0x00000000000059fc       0xe0 .pio/build/uno_r4_wifi/libFrameworkArduino.a(variant_helper.cpp.o)
                0x00000000000059fc                getPinCfgs(unsigned char, PinCfgReq_t)
 .text._ZN8FspTimerC2Ev
                0x0000000000005adc       0x18 .pio/build/uno_r4_wifi/libFrameworkArduino.a(FspTimer.cpp.o)
                0x0000000000005adc                FspTimer::FspTimer()
                0x0000000000005adc                FspTimer::FspTimer()
 .text._ZN8FspTimer5beginE12e_timer_modehhmm18e_timer_source_divPFvP22st_timer_callback_argsEPv
                0x0000000000005af4      0x16c .pio/build/uno_r4_wifi/libFrameworkArduino.a(FspTimer.cpp.o)
                0x0000000000005af4                FspTimer::begin(e_timer_mode, unsigned char, unsigned char, unsigned long, unsigned long, e_timer_source_div, void (*)(st_timer_callback_args*), void*)
 .text._ZN8FspTimer4openEv
                0x0000000000005c60       0x4e .pio/build/uno_r4_wifi/libFrameworkArduino.a(FspTimer.cpp.o)
                0x0000000000005c60                FspTimer::open()
 .text._ZN8FspTimer5startEv
                0x0000000000005cae       0x2e .pio/build/uno_r4_wifi/libFrameworkArduino.a(FspTimer.cpp.o)
                0x0000000000005cae                FspTimer::start()
 .text._ZN8FspTimer5closeEv
                0x0000000000005cdc       0x2e .pio/build/uno_r4_wifi/libFrameworkArduino.a(FspTimer.cpp.o)
                0x0000000000005cdc                FspTimer::close()
 *fill*         0x0000000000005d0a        0x2 ff
 .text._ZN8FspTimer3endEv
                0x0000000000005d0c       0x48 .pio/build/uno_r4_wifi/libFrameworkArduino.a(FspTimer.cpp.o)
                0x0000000000005d0c                FspTimer::end()
 .text._ZN8FspTimerD2Ev
                0x0000000000005d54        0xc .pio/build/uno_r4_wifi/libFrameworkArduino.a(FspTimer.cpp.o)
                0x0000000000005d54                FspTimer::~FspTimer()
                0x0000000000005d54                FspTimer::~FspTimer()
 .text._ZN8FspTimer15get_cfg_for_irqEv
                0x0000000000005d60       0x14 .pio/build/uno_r4_wifi/libFrameworkArduino.a(FspTimer.cpp.o)
                0x0000000000005d60                FspTimer::get_cfg_for_irq()
 .text._ZN8FspTimer9is_openedEv
                0x0000000000005d74       0x18 .pio/build/uno_r4_wifi/libFrameworkArduino.a(FspTimer.cpp.o)
                0x0000000000005d74                FspTimer::is_opened()
 .text._ZN8FspTimer18setup_overflow_irqEhPFvvE
                0x0000000000005d8c       0x4e .pio/build/uno_r4_wifi/libFrameworkArduino.a(FspTimer.cpp.o)
                0x0000000000005d8c                FspTimer::setup_overflow_irq(unsigned char, void (*)())
 *fill*         0x0000000000005dda        0x2 ff
 .text._ZL13readAllGroupAP13ADC_Container
                0x0000000000005ddc       0x2c .pio/build/uno_r4_wifi/libFrameworkArduino.a(analog.cpp.o)
 .text._ZL11ADC_irq_cbkP20st_adc_callback_args
                0x0000000000005e08       0x58 .pio/build/uno_r4_wifi/libFrameworkArduino.a(analog.cpp.o)
 .text._ZL10adcConvertP13ADC_Containert
                0x0000000000005e60       0xa4 .pio/build/uno_r4_wifi/libFrameworkArduino.a(analog.cpp.o)
 .text._ZL21get_ADC_container_ptrlRt.constprop.4
                0x0000000000005f04       0x38 .pio/build/uno_r4_wifi/libFrameworkArduino.a(analog.cpp.o)
 .text._ZN13ADC_ContainerC2EhPFvP20st_adc_callback_argsEPv
                0x0000000000005f3c       0x6e .pio/build/uno_r4_wifi/libFrameworkArduino.a(analog.cpp.o)
                0x0000000000005f3c                ADC_Container::ADC_Container(unsigned char, void (*)(st_adc_callback_args*), void*)
                0x0000000000005f3c                ADC_Container::ADC_Container(unsigned char, void (*)(st_adc_callback_args*), void*)
 .text._ZN13ADC_ContainerD2Ev
                0x0000000000005faa       0x12 .pio/build/uno_r4_wifi/libFrameworkArduino.a(analog.cpp.o)
                0x0000000000005faa                ADC_Container::~ADC_Container()
                0x0000000000005faa                ADC_Container::~ADC_Container()
 .text.analogRead
                0x0000000000005fbc       0x3c .pio/build/uno_r4_wifi/libFrameworkArduino.a(analog.cpp.o)
                0x0000000000005fbc                analogRead
 .text.analogReference
                0x0000000000005ff8       0x5c .pio/build/uno_r4_wifi/libFrameworkArduino.a(analog.cpp.o)
                0x0000000000005ff8                analogReference
 *fill*         0x0000000000006054        0x4 ff
 .text._Z15analogReferencev
                0x0000000000006058      0x10c .pio/build/uno_r4_wifi/libFrameworkArduino.a(analog.cpp.o)
                0x0000000000006058                analogReference()
 .text._Z23__get_timer_for_channeli
                0x0000000000006164       0x2c .pio/build/uno_r4_wifi/libFrameworkArduino.a(analog.cpp.o)
                0x0000000000006164                __get_timer_for_channel(int)
 .text.startup._GLOBAL__sub_I__ZN13ADC_ContainerC2EhPFvP20st_adc_callback_argsEPv
                0x0000000000006190       0x4c .pio/build/uno_r4_wifi/libFrameworkArduino.a(analog.cpp.o)
 .text.exit._GLOBAL__sub_D__ZN13ADC_ContainerC2EhPFvP20st_adc_callback_argsEPv
                0x00000000000061dc       0x1c .pio/build/uno_r4_wifi/libFrameworkArduino.a(analog.cpp.o)
 .text._Z3maplllll
                0x00000000000061f8       0x14 .pio/build/uno_r4_wifi/libFrameworkArduino.a(Common.cpp.o)
                0x00000000000061f8                map(long, long, long, long, long)
 .text.dump_stack
                0x000000000000620c       0x7c .pio/build/uno_r4_wifi/libFrameworkArduino.a(cm_backtrace.c.o)
 .text.cm_backtrace_init
                0x0000000000006288       0x74 .pio/build/uno_r4_wifi/libFrameworkArduino.a(cm_backtrace.c.o)
                0x0000000000006288                cm_backtrace_init
 .text.cm_backtrace_firmware_info
                0x00000000000062fc       0x2c .pio/build/uno_r4_wifi/libFrameworkArduino.a(cm_backtrace.c.o)
                0x00000000000062fc                cm_backtrace_firmware_info
 .text.cm_backtrace_call_stack
                0x0000000000006328       0xe4 .pio/build/uno_r4_wifi/libFrameworkArduino.a(cm_backtrace.c.o)
                0x0000000000006328                cm_backtrace_call_stack
 .text.print_call_stack
                0x000000000000640c       0x94 .pio/build/uno_r4_wifi/libFrameworkArduino.a(cm_backtrace.c.o)
 .text.cm_backtrace_fault
                0x00000000000064a0      0x470 .pio/build/uno_r4_wifi/libFrameworkArduino.a(cm_backtrace.c.o)
                0x00000000000064a0                cm_backtrace_fault
 .text.Stacktrace_Handler
                0x0000000000006910        0xa .pio/build/uno_r4_wifi/libFrameworkArduino.a(cortex_handlers.c.o)
                0x0000000000006910                Stacktrace_Handler
 *fill*         0x000000000000691a        0x2 ff
 .text._ZN4CDacC2Eh
                0x000000000000691c       0x6c .pio/build/uno_r4_wifi/libFrameworkArduino.a(dac.cpp.o)
                0x000000000000691c                CDac::CDac(unsigned char)
                0x000000000000691c                CDac::CDac(unsigned char)
 .text.startup._GLOBAL__sub_I__ZN4CDacC2Eh
                0x0000000000006988        0xc .pio/build/uno_r4_wifi/libFrameworkArduino.a(dac.cpp.o)
 .text._Z13pinPeripheral19e_bsp_io_port_pin_tm
                0x0000000000006994       0x10 .pio/build/uno_r4_wifi/libFrameworkArduino.a(pinDefinitions.cpp.o)
                0x0000000000006994                pinPeripheral(e_bsp_io_port_pin_t, unsigned long)
 .text.r_spi_call_callback
                0x00000000000069a4       0x40 /home/blaze-8th/.platformio/packages/framework-arduinorenesas-uno/variants/UNOWIFIR4/libs/libfsp.a(r_spi.o)
 .text.spi_rxi_isr
                0x00000000000069e4       0x9c /home/blaze-8th/.platformio/packages/framework-arduinorenesas-uno/variants/UNOWIFIR4/libs/libfsp.a(r_spi.o)
                0x00000000000069e4                spi_rxi_isr
 .text.spi_txi_isr
                0x0000000000006a80       0xd8 /home/blaze-8th/.platformio/packages/framework-arduinorenesas-uno/variants/UNOWIFIR4/libs/libfsp.a(r_spi.o)
                0x0000000000006a80                spi_txi_isr
 .text.spi_tei_isr
                0x0000000000006b58       0xe0 /home/blaze-8th/.platformio/packages/framework-arduinorenesas-uno/variants/UNOWIFIR4/libs/libfsp.a(r_spi.o)
                0x0000000000006b58                spi_tei_isr
 .text.spi_eri_isr
                0x0000000000006c38       0xdc /home/blaze-8th/.platformio/packages/framework-arduinorenesas-uno/variants/UNOWIFIR4/libs/libfsp.a(r_spi.o)
                0x0000000000006c38                spi_eri_isr
 .text.R_SCI_UART_Write
                0x0000000000006d14       0xb0 /home/blaze-8th/.platformio/packages/framework-arduinorenesas-uno/variants/UNOWIFIR4/libs/libfsp.a(r_sci_uart.o)
                0x0000000000006d14                R_SCI_UART_Write
 .text.R_SCI_UART_BaudSet
                0x0000000000006dc4       0x44 /home/blaze-8th/.platformio/packages/framework-arduinorenesas-uno/variants/UNOWIFIR4/libs/libfsp.a(r_sci_uart.o)
                0x0000000000006dc4                R_SCI_UART_BaudSet
 .text.R_SCI_UART_Close
                0x0000000000006e08       0xd8 /home/blaze-8th/.platformio/packages/framework-arduinorenesas-uno/variants/UNOWIFIR4/libs/libfsp.a(r_sci_uart.o)
                0x0000000000006e08                R_SCI_UART_Close
 .text.r_sci_uart_call_callback
                0x0000000000006ee0       0x44 /home/blaze-8th/.platformio/packages/framework-arduinorenesas-uno/variants/UNOWIFIR4/libs/libfsp.a(r_sci_uart.o)
 .text.r_sci_uart_transfer_configure.isra.0
                0x0000000000006f24       0x38 /home/blaze-8th/.platformio/packages/framework-arduinorenesas-uno/variants/UNOWIFIR4/libs/libfsp.a(r_sci_uart.o)
 .text.R_SCI_UART_Open
                0x0000000000006f5c      0x448 /home/blaze-8th/.platformio/packages/framework-arduinorenesas-uno/variants/UNOWIFIR4/libs/libfsp.a(r_sci_uart.o)
                0x0000000000006f5c                R_SCI_UART_Open
 .text.R_SCI_UART_BaudCalculate
                0x00000000000073a4      0x184 /home/blaze-8th/.platformio/packages/framework-arduinorenesas-uno/variants/UNOWIFIR4/libs/libfsp.a(r_sci_uart.o)
                0x00000000000073a4                R_SCI_UART_BaudCalculate
 .text.sci_uart_txi_isr
                0x0000000000007528       0xec /home/blaze-8th/.platformio/packages/framework-arduinorenesas-uno/variants/UNOWIFIR4/libs/libfsp.a(r_sci_uart.o)
                0x0000000000007528                sci_uart_txi_isr
 .text.sci_uart_rxi_isr
                0x0000000000007614      0x184 /home/blaze-8th/.platformio/packages/framework-arduinorenesas-uno/variants/UNOWIFIR4/libs/libfsp.a(r_sci_uart.o)
                0x0000000000007614                sci_uart_rxi_isr
 .text.sci_uart_tei_isr
                0x0000000000007798       0x40 /home/blaze-8th/.platformio/packages/framework-arduinorenesas-uno/variants/UNOWIFIR4/libs/libfsp.a(r_sci_uart.o)
                0x0000000000007798                sci_uart_tei_isr
 .text.sci_uart_eri_isr
                0x00000000000077d8       0x78 /home/blaze-8th/.platformio/packages/framework-arduinorenesas-uno/variants/UNOWIFIR4/libs/libfsp.a(r_sci_uart.o)
                0x00000000000077d8                sci_uart_eri_isr
 .text.r_sci_spi_call_callback
                0x0000000000007850       0x40 /home/blaze-8th/.platformio/packages/framework-arduinorenesas-uno/variants/UNOWIFIR4/libs/libfsp.a(r_sci_spi.o)
 .text.sci_spi_txi_isr
                0x0000000000007890       0x68 /home/blaze-8th/.platformio/packages/framework-arduinorenesas-uno/variants/UNOWIFIR4/libs/libfsp.a(r_sci_spi.o)
                0x0000000000007890                sci_spi_txi_isr
 .text.sci_spi_rxi_isr
                0x00000000000078f8       0x74 /home/blaze-8th/.platformio/packages/framework-arduinorenesas-uno/variants/UNOWIFIR4/libs/libfsp.a(r_sci_spi.o)
                0x00000000000078f8                sci_spi_rxi_isr
 .text.sci_spi_tei_isr
                0x000000000000796c       0x3c /home/blaze-8th/.platformio/packages/framework-arduinorenesas-uno/variants/UNOWIFIR4/libs/libfsp.a(r_sci_spi.o)
                0x000000000000796c                sci_spi_tei_isr
 .text.sci_spi_eri_isr
                0x00000000000079a8       0x44 /home/blaze-8th/.platformio/packages/framework-arduinorenesas-uno/variants/UNOWIFIR4/libs/libfsp.a(r_sci_spi.o)
                0x00000000000079a8                sci_spi_eri_isr
 .text.sci_i2c_enable_transfer_support_tx
                0x00000000000079ec       0x34 /home/blaze-8th/.platformio/packages/framework-arduinorenesas-uno/variants/UNOWIFIR4/libs/libfsp.a(r_sci_i2c.o)
 .text.sci_i2c_notify
                0x0000000000007a20       0x64 /home/blaze-8th/.platformio/packages/framework-arduinorenesas-uno/variants/UNOWIFIR4/libs/libfsp.a(r_sci_i2c.o)
                0x0000000000007a20                sci_i2c_notify
 .text.sci_i2c_rxi_isr
                0x0000000000007a84       0x20 /home/blaze-8th/.platformio/packages/framework-arduinorenesas-uno/variants/UNOWIFIR4/libs/libfsp.a(r_sci_i2c.o)
                0x0000000000007a84                sci_i2c_rxi_isr
 .text.sci_i2c_txi_isr
                0x0000000000007aa4      0x198 /home/blaze-8th/.platformio/packages/framework-arduinorenesas-uno/variants/UNOWIFIR4/libs/libfsp.a(r_sci_i2c.o)
                0x0000000000007aa4                sci_i2c_txi_isr
 .text.sci_i2c_tei_isr
                0x0000000000007c3c       0xf0 /home/blaze-8th/.platformio/packages/framework-arduinorenesas-uno/variants/UNOWIFIR4/libs/libfsp.a(r_sci_i2c.o)
                0x0000000000007c3c                sci_i2c_tei_isr
 .text.R_RTC_InfoGet
                0x0000000000007d2c       0x1c /home/blaze-8th/.platformio/packages/framework-arduinorenesas-uno/variants/UNOWIFIR4/libs/libfsp.a(r_rtc.o)
                0x0000000000007d2c                R_RTC_InfoGet
 .text.R_RTC_ClockSourceSet
                0x0000000000007d48       0x98 /home/blaze-8th/.platformio/packages/framework-arduinorenesas-uno/variants/UNOWIFIR4/libs/libfsp.a(r_rtc.o)
                0x0000000000007d48                R_RTC_ClockSourceSet
 .text.r_rtc_error_adjustment_set.isra.0
                0x0000000000007de0       0x84 /home/blaze-8th/.platformio/packages/framework-arduinorenesas-uno/variants/UNOWIFIR4/libs/libfsp.a(r_rtc.o)
 .text.R_RTC_CalendarTimeSet
                0x0000000000007e64      0x138 /home/blaze-8th/.platformio/packages/framework-arduinorenesas-uno/variants/UNOWIFIR4/libs/libfsp.a(r_rtc.o)
                0x0000000000007e64                R_RTC_CalendarTimeSet
 .text.R_RTC_Open
                0x0000000000007f9c       0x88 /home/blaze-8th/.platformio/packages/framework-arduinorenesas-uno/variants/UNOWIFIR4/libs/libfsp.a(r_rtc.o)
                0x0000000000007f9c                R_RTC_Open
 .text.R_RTC_CalendarAlarmSet
                0x0000000000008024      0x22c /home/blaze-8th/.platformio/packages/framework-arduinorenesas-uno/variants/UNOWIFIR4/libs/libfsp.a(r_rtc.o)
                0x0000000000008024                R_RTC_CalendarAlarmSet
 .text.rtc_alarm_periodic_isr
                0x0000000000008250       0x68 /home/blaze-8th/.platformio/packages/framework-arduinorenesas-uno/variants/UNOWIFIR4/libs/libfsp.a(r_rtc.o)
                0x0000000000008250                rtc_alarm_periodic_isr
 .text.rtc_carry_isr
                0x00000000000082b8       0x2c /home/blaze-8th/.platformio/packages/framework-arduinorenesas-uno/variants/UNOWIFIR4/libs/libfsp.a(r_rtc.o)
                0x00000000000082b8                rtc_carry_isr
 .text.R_IOPORT_PinWrite
                0x00000000000082e4       0x20 /home/blaze-8th/.platformio/packages/framework-arduinorenesas-uno/variants/UNOWIFIR4/libs/libfsp.a(r_ioport.o)
                0x00000000000082e4                R_IOPORT_PinWrite
 .text.bsp_vbatt_init
                0x0000000000008304       0xac /home/blaze-8th/.platformio/packages/framework-arduinorenesas-uno/variants/UNOWIFIR4/libs/libfsp.a(r_ioport.o)
 .text.R_IOPORT_PinCfg
                0x00000000000083b0       0xa8 /home/blaze-8th/.platformio/packages/framework-arduinorenesas-uno/variants/UNOWIFIR4/libs/libfsp.a(r_ioport.o)
                0x00000000000083b0                R_IOPORT_PinCfg
 .text.r_iic_slave_call_callback
                0x0000000000008458       0x3c /home/blaze-8th/.platformio/packages/framework-arduinorenesas-uno/variants/UNOWIFIR4/libs/libfsp.a(r_iic_slave.o)
 .text.iic_slave_initiate_transaction
                0x0000000000008494       0x74 /home/blaze-8th/.platformio/packages/framework-arduinorenesas-uno/variants/UNOWIFIR4/libs/libfsp.a(r_iic_slave.o)
 .text.iic_slave_rxi_isr
                0x0000000000008508      0x12c /home/blaze-8th/.platformio/packages/framework-arduinorenesas-uno/variants/UNOWIFIR4/libs/libfsp.a(r_iic_slave.o)
                0x0000000000008508                iic_slave_rxi_isr
 .text.iic_slave_txi_isr
                0x0000000000008634       0xa8 /home/blaze-8th/.platformio/packages/framework-arduinorenesas-uno/variants/UNOWIFIR4/libs/libfsp.a(r_iic_slave.o)
                0x0000000000008634                iic_slave_txi_isr
 .text.iic_slave_tei_isr
                0x00000000000086dc       0x94 /home/blaze-8th/.platformio/packages/framework-arduinorenesas-uno/variants/UNOWIFIR4/libs/libfsp.a(r_iic_slave.o)
                0x00000000000086dc                iic_slave_tei_isr
 .text.iic_slave_eri_isr
                0x0000000000008770      0x10c /home/blaze-8th/.platformio/packages/framework-arduinorenesas-uno/variants/UNOWIFIR4/libs/libfsp.a(r_iic_slave.o)
                0x0000000000008770                iic_slave_eri_isr
 .text.iic_master_notify
                0x000000000000887c       0x3c /home/blaze-8th/.platformio/packages/framework-arduinorenesas-uno/variants/UNOWIFIR4/libs/libfsp.a(r_iic_master.o)
 .text.iic_master_open_hw_master
                0x00000000000088b8      0x184 /home/blaze-8th/.platformio/packages/framework-arduinorenesas-uno/variants/UNOWIFIR4/libs/libfsp.a(r_iic_master.o)
 .text.iic_master_rxi_isr
                0x0000000000008a3c      0x13c /home/blaze-8th/.platformio/packages/framework-arduinorenesas-uno/variants/UNOWIFIR4/libs/libfsp.a(r_iic_master.o)
                0x0000000000008a3c                iic_master_rxi_isr
 .text.iic_master_txi_isr
                0x0000000000008b78       0xec /home/blaze-8th/.platformio/packages/framework-arduinorenesas-uno/variants/UNOWIFIR4/libs/libfsp.a(r_iic_master.o)
                0x0000000000008b78                iic_master_txi_isr
 .text.iic_master_tei_isr
                0x0000000000008c64       0xc4 /home/blaze-8th/.platformio/packages/framework-arduinorenesas-uno/variants/UNOWIFIR4/libs/libfsp.a(r_iic_master.o)
                0x0000000000008c64                iic_master_tei_isr
 .text.iic_master_eri_isr
                0x0000000000008d28      0x140 /home/blaze-8th/.platformio/packages/framework-arduinorenesas-uno/variants/UNOWIFIR4/libs/libfsp.a(r_iic_master.o)
                0x0000000000008d28                iic_master_eri_isr
 .text.r_icu_isr
                0x0000000000008e68       0x6c /home/blaze-8th/.platformio/packages/framework-arduinorenesas-uno/variants/UNOWIFIR4/libs/libfsp.a(r_icu.o)
                0x0000000000008e68                r_icu_isr
 .text.R_GPT_Start
                0x0000000000008ed4        0xc /home/blaze-8th/.platformio/packages/framework-arduinorenesas-uno/variants/UNOWIFIR4/libs/libfsp.a(r_gpt.o)
                0x0000000000008ed4                R_GPT_Start
 .text.R_GPT_Enable
                0x0000000000008ee0       0x30 /home/blaze-8th/.platformio/packages/framework-arduinorenesas-uno/variants/UNOWIFIR4/libs/libfsp.a(r_gpt.o)
                0x0000000000008ee0                R_GPT_Enable
 .text.r_gpt_enable_irq
                0x0000000000008f10       0x5c /home/blaze-8th/.platformio/packages/framework-arduinorenesas-uno/variants/UNOWIFIR4/libs/libfsp.a(r_gpt.o)
 .text.r_gpt_call_callback
                0x0000000000008f6c       0x3c /home/blaze-8th/.platformio/packages/framework-arduinorenesas-uno/variants/UNOWIFIR4/libs/libfsp.a(r_gpt.o)
 .text.gpt_calculate_duty_cycle.isra.0
                0x0000000000008fa8       0x78 /home/blaze-8th/.platformio/packages/framework-arduinorenesas-uno/variants/UNOWIFIR4/libs/libfsp.a(r_gpt.o)
 .text.R_GPT_Open
                0x0000000000009020      0x264 /home/blaze-8th/.platformio/packages/framework-arduinorenesas-uno/variants/UNOWIFIR4/libs/libfsp.a(r_gpt.o)
                0x0000000000009020                R_GPT_Open
 .text.R_GPT_Close
                0x0000000000009284       0xd4 /home/blaze-8th/.platformio/packages/framework-arduinorenesas-uno/variants/UNOWIFIR4/libs/libfsp.a(r_gpt.o)
                0x0000000000009284                R_GPT_Close
 .text.gpt_counter_overflow_isr
                0x0000000000009358       0x78 /home/blaze-8th/.platformio/packages/framework-arduinorenesas-uno/variants/UNOWIFIR4/libs/libfsp.a(r_gpt.o)
                0x0000000000009358                gpt_counter_overflow_isr
 .text.R_DAC_Open
                0x00000000000093d0       0x88 /home/blaze-8th/.platformio/packages/framework-arduinorenesas-uno/variants/UNOWIFIR4/libs/libfsp.a(r_dac.o)
                0x00000000000093d0                R_DAC_Open
 .text.R_DAC_Write
                0x0000000000009458        0xc /home/blaze-8th/.platformio/packages/framework-arduinorenesas-uno/variants/UNOWIFIR4/libs/libfsp.a(r_dac.o)
                0x0000000000009458                R_DAC_Write
 .text.R_DAC_Start
                0x0000000000009464       0x30 /home/blaze-8th/.platformio/packages/framework-arduinorenesas-uno/variants/UNOWIFIR4/libs/libfsp.a(r_dac.o)
                0x0000000000009464                R_DAC_Start
 .text.R_DAC_Stop
                0x0000000000009494       0x34 /home/blaze-8th/.platformio/packages/framework-arduinorenesas-uno/variants/UNOWIFIR4/libs/libfsp.a(r_dac.o)
                0x0000000000009494                R_DAC_Stop
 .text.R_DAC_Close
                0x00000000000094c8       0x40 /home/blaze-8th/.platformio/packages/framework-arduinorenesas-uno/variants/UNOWIFIR4/libs/libfsp.a(r_dac.o)
                0x00000000000094c8                R_DAC_Close
 .text.r_can_call_callback
                0x0000000000009508       0x68 /home/blaze-8th/.platformio/packages/framework-arduinorenesas-uno/variants/UNOWIFIR4/libs/libfsp.a(r_can.o)
 .text.can_error_isr
                0x0000000000009570       0xd4 /home/blaze-8th/.platformio/packages/framework-arduinorenesas-uno/variants/UNOWIFIR4/libs/libfsp.a(r_can.o)
                0x0000000000009570                can_error_isr
 .text.can_rx_isr
                0x0000000000009644      0x118 /home/blaze-8th/.platformio/packages/framework-arduinorenesas-uno/variants/UNOWIFIR4/libs/libfsp.a(r_can.o)
                0x0000000000009644                can_rx_isr
 .text.can_tx_isr
                0x000000000000975c       0xa0 /home/blaze-8th/.platformio/packages/framework-arduinorenesas-uno/variants/UNOWIFIR4/libs/libfsp.a(r_can.o)
                0x000000000000975c                can_tx_isr
 .text.R_AGT_Start
                0x00000000000097fc       0x38 /home/blaze-8th/.platformio/packages/framework-arduinorenesas-uno/variants/UNOWIFIR4/libs/libfsp.a(r_agt.o)
                0x00000000000097fc                R_AGT_Start
 .text.R_AGT_Enable
                0x0000000000009834       0x14 /home/blaze-8th/.platformio/packages/framework-arduinorenesas-uno/variants/UNOWIFIR4/libs/libfsp.a(r_agt.o)
                0x0000000000009834                R_AGT_Enable
 .text.R_AGT_Close
                0x0000000000009848       0x84 /home/blaze-8th/.platformio/packages/framework-arduinorenesas-uno/variants/UNOWIFIR4/libs/libfsp.a(r_agt.o)
                0x0000000000009848                R_AGT_Close
 .text.R_AGT_Open
                0x00000000000098cc      0x118 /home/blaze-8th/.platformio/packages/framework-arduinorenesas-uno/variants/UNOWIFIR4/libs/libfsp.a(r_agt.o)
                0x00000000000098cc                R_AGT_Open
 .text.agt_int_isr
                0x00000000000099e4       0x88 /home/blaze-8th/.platformio/packages/framework-arduinorenesas-uno/variants/UNOWIFIR4/libs/libfsp.a(r_agt.o)
                0x00000000000099e4                agt_int_isr
 .text.R_ADC_ScanStart
                0x0000000000009a6c        0xc /home/blaze-8th/.platformio/packages/framework-arduinorenesas-uno/variants/UNOWIFIR4/libs/libfsp.a(r_adc.o)
                0x0000000000009a6c                R_ADC_ScanStart
 .text.R_ADC_StatusGet
                0x0000000000009a78       0x10 /home/blaze-8th/.platformio/packages/framework-arduinorenesas-uno/variants/UNOWIFIR4/libs/libfsp.a(r_adc.o)
                0x0000000000009a78                R_ADC_StatusGet
 .text.R_ADC_Read
                0x0000000000009a88       0x10 /home/blaze-8th/.platformio/packages/framework-arduinorenesas-uno/variants/UNOWIFIR4/libs/libfsp.a(r_adc.o)
                0x0000000000009a88                R_ADC_Read
 .text.R_ADC_ScanCfg
                0x0000000000009a98      0x1a0 /home/blaze-8th/.platformio/packages/framework-arduinorenesas-uno/variants/UNOWIFIR4/libs/libfsp.a(r_adc.o)
                0x0000000000009a98                R_ADC_ScanCfg
 .text.R_ADC_Open
                0x0000000000009c38      0x240 /home/blaze-8th/.platformio/packages/framework-arduinorenesas-uno/variants/UNOWIFIR4/libs/libfsp.a(r_adc.o)
                0x0000000000009c38                R_ADC_Open
 .text.R_ADC_Close
                0x0000000000009e78       0xfc /home/blaze-8th/.platformio/packages/framework-arduinorenesas-uno/variants/UNOWIFIR4/libs/libfsp.a(r_adc.o)
                0x0000000000009e78                R_ADC_Close
 .text.bsp_prv_software_delay_loop
                0x0000000000009f74        0xc /home/blaze-8th/.platformio/packages/framework-arduinorenesas-uno/variants/UNOWIFIR4/libs/libfsp.a(bsp_delay.o)
                0x0000000000009f74                bsp_prv_software_delay_loop
 .text.R_BSP_SoftwareDelay
                0x0000000000009f80       0x5c /home/blaze-8th/.platformio/packages/framework-arduinorenesas-uno/variants/UNOWIFIR4/libs/libfsp.a(bsp_delay.o)
                0x0000000000009f80                R_BSP_SoftwareDelay
 .text.bsp_irq_cfg
                0x0000000000009fdc       0x2c /home/blaze-8th/.platformio/packages/framework-arduinorenesas-uno/variants/UNOWIFIR4/libs/libfsp.a(bsp_irq.o)
                0x0000000000009fdc                bsp_irq_cfg
 .text.R_BSP_RegisterProtectEnable
                0x000000000000a008       0x60 /home/blaze-8th/.platformio/packages/framework-arduinorenesas-uno/variants/UNOWIFIR4/libs/libfsp.a(bsp_register_protection.o)
                0x000000000000a008                R_BSP_RegisterProtectEnable
 .text.R_BSP_RegisterProtectDisable
                0x000000000000a068       0x54 /home/blaze-8th/.platformio/packages/framework-arduinorenesas-uno/variants/UNOWIFIR4/libs/libfsp.a(bsp_register_protection.o)
                0x000000000000a068                R_BSP_RegisterProtectDisable
 .text.Default_Handler
                0x000000000000a0bc        0x4 /home/blaze-8th/.platformio/packages/framework-arduinorenesas-uno/variants/UNOWIFIR4/libs/libfsp.a(startup.o)
                0x000000000000a0bc                DebugMon_Handler
                0x000000000000a0bc                HardFault_Handler
                0x000000000000a0bc                SysTick_Handler
                0x000000000000a0bc                PendSV_Handler
                0x000000000000a0bc                UsageFault_Handler
                0x000000000000a0bc                SecureFault_Handler
                0x000000000000a0bc                Default_Handler
                0x000000000000a0bc                MemManage_Handler
                0x000000000000a0bc                SVC_Handler
                0x000000000000a0bc                BusFault_Handler
 .text.Reset_Handler
                0x000000000000a0c0        0xc /home/blaze-8th/.platformio/packages/framework-arduinorenesas-uno/variants/UNOWIFIR4/libs/libfsp.a(startup.o)
                0x000000000000a0c0                Reset_Handler
 .text.R_BSP_WarmStart
                0x000000000000a0cc        0x4 /home/blaze-8th/.platformio/packages/framework-arduinorenesas-uno/variants/UNOWIFIR4/libs/libfsp.a(system.o)
                0x000000000000a0cc                R_BSP_WarmStart
 .text.SystemInit
                0x000000000000a0d0      0x15c /home/blaze-8th/.platformio/packages/framework-arduinorenesas-uno/variants/UNOWIFIR4/libs/libfsp.a(system.o)
                0x000000000000a0d0                SystemInit
 .text.SystemCoreClockUpdate
                0x000000000000a22c       0x28 /home/blaze-8th/.platformio/packages/framework-arduinorenesas-uno/variants/UNOWIFIR4/libs/libfsp.a(bsp_clocks.o)
                0x000000000000a22c                SystemCoreClockUpdate
 .text.bsp_clock_init
                0x000000000000a254      0x12c /home/blaze-8th/.platformio/packages/framework-arduinorenesas-uno/variants/UNOWIFIR4/libs/libfsp.a(bsp_clocks.o)
                0x000000000000a254                bsp_clock_init
 .text.bsp_init_internal
                0x000000000000a380        0x4 /home/blaze-8th/.platformio/packages/framework-arduinorenesas-uno/variants/UNOWIFIR4/libs/libfsp.a(bsp_common.o)
                0x000000000000a380                bsp_init
                0x000000000000a380                bsp_init_internal
 .text.NMI_Handler
                0x000000000000a384       0x38 /home/blaze-8th/.platformio/packages/framework-arduinorenesas-uno/variants/UNOWIFIR4/libs/libfsp.a(bsp_group_irq.o)
                0x000000000000a384                NMI_Handler
 .text._Znwj    0x000000000000a3bc       0x22 /home/blaze-8th/.platformio/packages/toolchain-gccarmnoneeabi/bin/../lib/gcc/arm-none-eabi/7.2.1/../../../../arm-none-eabi/lib/thumb/v7e-m/fpv4-sp/hard/libstdc++_nano.a(new_op.o)
                0x000000000000a3bc                operator new(unsigned int)
 .text.__cxa_guard_acquire
                0x000000000000a3de       0x18 /home/blaze-8th/.platformio/packages/toolchain-gccarmnoneeabi/bin/../lib/gcc/arm-none-eabi/7.2.1/../../../../arm-none-eabi/lib/thumb/v7e-m/fpv4-sp/hard/libstdc++_nano.a(guard.o)
                0x000000000000a3de                __cxa_guard_acquire
 .text.__cxa_guard_release
                0x000000000000a3f6        0x6 /home/blaze-8th/.platformio/packages/toolchain-gccarmnoneeabi/bin/../lib/gcc/arm-none-eabi/7.2.1/../../../../arm-none-eabi/lib/thumb/v7e-m/fpv4-sp/hard/libstdc++_nano.a(guard.o)
                0x000000000000a3f6                __cxa_guard_release
 .text._ZSt15get_new_handlerv
                0x000000000000a3fc       0x10 /home/blaze-8th/.platformio/packages/toolchain-gccarmnoneeabi/bin/../lib/gcc/arm-none-eabi/7.2.1/../../../../arm-none-eabi/lib/thumb/v7e-m/fpv4-sp/hard/libstdc++_nano.a(new_handler.o)
                0x000000000000a3fc                std::get_new_handler()
 .text._ZdlPvj  0x000000000000a40c        0x4 /home/blaze-8th/.platformio/packages/toolchain-gccarmnoneeabi/bin/../lib/gcc/arm-none-eabi/7.2.1/../../../../arm-none-eabi/lib/thumb/v7e-m/fpv4-sp/hard/libstdc++_nano.a(del_ops.o)
                0x000000000000a40c                operator delete(void*, unsigned int)
 .text._ZdlPv   0x000000000000a410        0x4 /home/blaze-8th/.platformio/packages/toolchain-gccarmnoneeabi/bin/../lib/gcc/arm-none-eabi/7.2.1/../../../../arm-none-eabi/lib/thumb/v7e-m/fpv4-sp/hard/libstdc++_nano.a(del_op.o)
                0x000000000000a410                operator delete(void*)
 .text          0x000000000000a414      0x378 /home/blaze-8th/.platformio/packages/toolchain-gccarmnoneeabi/bin/../lib/gcc/arm-none-eabi/7.2.1/thumb/v7e-m/fpv4-sp/hard/libgcc.a(_arm_addsubdf3.o)
                0x000000000000a414                __aeabi_drsub
                0x000000000000a41c                __aeabi_dsub
                0x000000000000a41c                __subdf3
                0x000000000000a420                __adddf3
                0x000000000000a420                __aeabi_dadd
                0x000000000000a698                __aeabi_ui2d
                0x000000000000a698                __floatunsidf
                0x000000000000a6b8                __floatsidf
                0x000000000000a6b8                __aeabi_i2d
                0x000000000000a6dc                __extendsfdf2
                0x000000000000a6dc                __aeabi_f2d
                0x000000000000a720                __aeabi_ul2d
                0x000000000000a720                __floatundidf
                0x000000000000a730                __floatdidf
                0x000000000000a730                __aeabi_l2d
 .text          0x000000000000a78c      0x424 /home/blaze-8th/.platformio/packages/toolchain-gccarmnoneeabi/bin/../lib/gcc/arm-none-eabi/7.2.1/thumb/v7e-m/fpv4-sp/hard/libgcc.a(_arm_muldivdf3.o)
                0x000000000000a78c                __aeabi_dmul
                0x000000000000a78c                __muldf3
                0x000000000000a9e0                __aeabi_ddiv
                0x000000000000a9e0                __divdf3
 .text          0x000000000000abb0      0x110 /home/blaze-8th/.platformio/packages/toolchain-gccarmnoneeabi/bin/../lib/gcc/arm-none-eabi/7.2.1/thumb/v7e-m/fpv4-sp/hard/libgcc.a(_arm_cmpdf2.o)
                0x000000000000abb0                __gtdf2
                0x000000000000abb0                __gedf2
                0x000000000000abb8                __ltdf2
                0x000000000000abb8                __ledf2
                0x000000000000abc0                __cmpdf2
                0x000000000000abc0                __eqdf2
                0x000000000000abc0                __nedf2
                0x000000000000ac3c                __aeabi_cdrcmple
                0x000000000000ac4c                __aeabi_cdcmple
                0x000000000000ac4c                __aeabi_cdcmpeq
                0x000000000000ac5c                __aeabi_dcmpeq
                0x000000000000ac70                __aeabi_dcmplt
                0x000000000000ac84                __aeabi_dcmple
                0x000000000000ac98                __aeabi_dcmpge
                0x000000000000acac                __aeabi_dcmpgt
 .text          0x000000000000acc0       0x2c /home/blaze-8th/.platformio/packages/toolchain-gccarmnoneeabi/bin/../lib/gcc/arm-none-eabi/7.2.1/thumb/v7e-m/fpv4-sp/hard/libgcc.a(_arm_unorddf2.o)
                0x000000000000acc0                __aeabi_dcmpun
                0x000000000000acc0                __unorddf2
 .text          0x000000000000acec       0xa0 /home/blaze-8th/.platformio/packages/toolchain-gccarmnoneeabi/bin/../lib/gcc/arm-none-eabi/7.2.1/thumb/v7e-m/fpv4-sp/hard/libgcc.a(_arm_truncdfsf2.o)
                0x000000000000acec                __aeabi_d2f
                0x000000000000acec                __truncdfsf2
 .text          0x000000000000ad8c       0xa0 /home/blaze-8th/.platformio/packages/toolchain-gccarmnoneeabi/bin/../lib/gcc/arm-none-eabi/7.2.1/thumb/v7e-m/fpv4-sp/hard/libgcc.a(_aeabi_ldivmod.o)
                0x000000000000ad8c                __aeabi_ldivmod
 .text          0x000000000000ae2c      0x2cc /home/blaze-8th/.platformio/packages/toolchain-gccarmnoneeabi/bin/../lib/gcc/arm-none-eabi/7.2.1/thumb/v7e-m/fpv4-sp/hard/libgcc.a(_udivmoddi4.o)
                0x000000000000ae2c                __udivmoddi4
 .text          0x000000000000b0f8        0x4 /home/blaze-8th/.platformio/packages/toolchain-gccarmnoneeabi/bin/../lib/gcc/arm-none-eabi/7.2.1/thumb/v7e-m/fpv4-sp/hard/libgcc.a(_dvmd_tls.o)
                0x000000000000b0f8                __aeabi_ldiv0
                0x000000000000b0f8                __aeabi_idiv0
 .text.PINCOUNT_fn
                0x000000000000b0fc        0x4 .pio/build/uno_r4_wifi/libFrameworkArduinoVariant.a(variant.cpp.o)
                0x000000000000b0fc                PINCOUNT_fn
 .text._Z17__maybe_start_usbv
                0x000000000000b100        0x2 .pio/build/uno_r4_wifi/libFrameworkArduinoVariant.a(variant.cpp.o)
                0x000000000000b100                __maybe_start_usb()
 *fill*         0x000000000000b102        0x2 ff
 .text.initVariant
                0x000000000000b104       0x9c .pio/build/uno_r4_wifi/libFrameworkArduinoVariant.a(variant.cpp.o)
                0x000000000000b104                initVariant
 .text.abort    0x000000000000b1a0        0xe /home/blaze-8th/.platformio/packages/toolchain-gccarmnoneeabi/bin/../lib/gcc/arm-none-eabi/7.2.1/../../../../arm-none-eabi/lib/thumb/v7e-m/fpv4-sp/hard/libc_nano.a(lib_a-abort.o)
                0x000000000000b1a0                abort
 *fill*         0x000000000000b1ae        0x2 ff
 .text.malloc   0x000000000000b1b0       0x10 /home/blaze-8th/.platformio/packages/toolchain-gccarmnoneeabi/bin/../lib/gcc/arm-none-eabi/7.2.1/../../../../arm-none-eabi/lib/thumb/v7e-m/fpv4-sp/hard/libc_nano.a(lib_a-malloc.o)
                0x000000000000b1b0                malloc
 .text.free     0x000000000000b1c0       0x10 /home/blaze-8th/.platformio/packages/toolchain-gccarmnoneeabi/bin/../lib/gcc/arm-none-eabi/7.2.1/../../../../arm-none-eabi/lib/thumb/v7e-m/fpv4-sp/hard/libc_nano.a(lib_a-malloc.o)
                0x000000000000b1c0                free
 .text.__ascii_mbtowc
                0x000000000000b1d0       0x24 /home/blaze-8th/.platformio/packages/toolchain-gccarmnoneeabi/bin/../lib/gcc/arm-none-eabi/7.2.1/../../../../arm-none-eabi/lib/thumb/v7e-m/fpv4-sp/hard/libc_nano.a(lib_a-mbtowc_r.o)
                0x000000000000b1d0                __ascii_mbtowc
 .text.memcpy   0x000000000000b1f4       0x16 /home/blaze-8th/.platformio/packages/toolchain-gccarmnoneeabi/bin/../lib/gcc/arm-none-eabi/7.2.1/../../../../arm-none-eabi/lib/thumb/v7e-m/fpv4-sp/hard/libc_nano.a(lib_a-memcpy-stub.o)
                0x000000000000b1f4                memcpy
 .text.memmove  0x000000000000b20a       0x32 /home/blaze-8th/.platformio/packages/toolchain-gccarmnoneeabi/bin/../lib/gcc/arm-none-eabi/7.2.1/../../../../arm-none-eabi/lib/thumb/v7e-m/fpv4-sp/hard/libc_nano.a(lib_a-memmove.o)
                0x000000000000b20a                memmove
 .text.memset   0x000000000000b23c       0x10 /home/blaze-8th/.platformio/packages/toolchain-gccarmnoneeabi/bin/../lib/gcc/arm-none-eabi/7.2.1/../../../../arm-none-eabi/lib/thumb/v7e-m/fpv4-sp/hard/libc_nano.a(lib_a-memset.o)
                0x000000000000b23c                memset
 .text._free_r  0x000000000000b24c       0x9c /home/blaze-8th/.platformio/packages/toolchain-gccarmnoneeabi/bin/../lib/gcc/arm-none-eabi/7.2.1/../../../../arm-none-eabi/lib/thumb/v7e-m/fpv4-sp/hard/libc_nano.a(lib_a-nano-freer.o)
                0x000000000000b24c                _free_r
 .text._malloc_r
                0x000000000000b2e8       0xb4 /home/blaze-8th/.platformio/packages/toolchain-gccarmnoneeabi/bin/../lib/gcc/arm-none-eabi/7.2.1/../../../../arm-none-eabi/lib/thumb/v7e-m/fpv4-sp/hard/libc_nano.a(lib_a-nano-mallocr.o)
                0x000000000000b2e8                _malloc_r
 .text.__cvt    0x000000000000b39c       0xc2 /home/blaze-8th/.platformio/packages/toolchain-gccarmnoneeabi/bin/../lib/gcc/arm-none-eabi/7.2.1/../../../../arm-none-eabi/lib/thumb/v7e-m/fpv4-sp/hard/libc_nano.a(lib_a-nano-vfprintf_float.o)
                0x000000000000b39c                __cvt
 .text.__exponent
                0x000000000000b45e       0x66 /home/blaze-8th/.platformio/packages/toolchain-gccarmnoneeabi/bin/../lib/gcc/arm-none-eabi/7.2.1/../../../../arm-none-eabi/lib/thumb/v7e-m/fpv4-sp/hard/libc_nano.a(lib_a-nano-vfprintf_float.o)
                0x000000000000b45e                __exponent
 .text._printf_float
                0x000000000000b4c4      0x480 /home/blaze-8th/.platformio/packages/toolchain-gccarmnoneeabi/bin/../lib/gcc/arm-none-eabi/7.2.1/../../../../arm-none-eabi/lib/thumb/v7e-m/fpv4-sp/hard/libc_nano.a(lib_a-nano-vfprintf_float.o)
                0x000000000000b4c4                _printf_float
 .text._printf_common
                0x000000000000b944       0xea /home/blaze-8th/.platformio/packages/toolchain-gccarmnoneeabi/bin/../lib/gcc/arm-none-eabi/7.2.1/../../../../arm-none-eabi/lib/thumb/v7e-m/fpv4-sp/hard/libc_nano.a(lib_a-nano-vfprintf_i.o)
                0x000000000000b944                _printf_common
 *fill*         0x000000000000ba2e        0x2 ff
 .text._printf_i
                0x000000000000ba30      0x224 /home/blaze-8th/.platformio/packages/toolchain-gccarmnoneeabi/bin/../lib/gcc/arm-none-eabi/7.2.1/../../../../arm-none-eabi/lib/thumb/v7e-m/fpv4-sp/hard/libc_nano.a(lib_a-nano-vfprintf_i.o)
                0x000000000000ba30                _printf_i
 .text.printf   0x000000000000bc54       0x30 /home/blaze-8th/.platformio/packages/toolchain-gccarmnoneeabi/bin/../lib/gcc/arm-none-eabi/7.2.1/../../../../arm-none-eabi/lib/thumb/v7e-m/fpv4-sp/hard/libc_nano.a(lib_a-printf.o)
                0x000000000000bc54                printf
                0x000000000000bc54                iprintf
 .text._sbrk_r  0x000000000000bc84       0x20 /home/blaze-8th/.platformio/packages/toolchain-gccarmnoneeabi/bin/../lib/gcc/arm-none-eabi/7.2.1/../../../../arm-none-eabi/lib/thumb/v7e-m/fpv4-sp/hard/libc_nano.a(lib_a-sbrkr.o)
                0x000000000000bc84                _sbrk_r
 .text._raise_r
                0x000000000000bca4       0x50 /home/blaze-8th/.platformio/packages/toolchain-gccarmnoneeabi/bin/../lib/gcc/arm-none-eabi/7.2.1/../../../../arm-none-eabi/lib/thumb/v7e-m/fpv4-sp/hard/libc_nano.a(lib_a-signal.o)
                0x000000000000bca4                _raise_r
 .text.raise    0x000000000000bcf4       0x10 /home/blaze-8th/.platformio/packages/toolchain-gccarmnoneeabi/bin/../lib/gcc/arm-none-eabi/7.2.1/../../../../arm-none-eabi/lib/thumb/v7e-m/fpv4-sp/hard/libc_nano.a(lib_a-signal.o)
                0x000000000000bcf4                raise
 .text._kill_r  0x000000000000bd04       0x24 /home/blaze-8th/.platformio/packages/toolchain-gccarmnoneeabi/bin/../lib/gcc/arm-none-eabi/7.2.1/../../../../arm-none-eabi/lib/thumb/v7e-m/fpv4-sp/hard/libc_nano.a(lib_a-signalr.o)
                0x000000000000bd04                _kill_r
 .text._getpid_r
                0x000000000000bd28        0x4 /home/blaze-8th/.platformio/packages/toolchain-gccarmnoneeabi/bin/../lib/gcc/arm-none-eabi/7.2.1/../../../../arm-none-eabi/lib/thumb/v7e-m/fpv4-sp/hard/libc_nano.a(lib_a-signalr.o)
                0x000000000000bd28                _getpid_r
 .text.sprintf  0x000000000000bd2c       0x40 /home/blaze-8th/.platformio/packages/toolchain-gccarmnoneeabi/bin/../lib/gcc/arm-none-eabi/7.2.1/../../../../arm-none-eabi/lib/thumb/v7e-m/fpv4-sp/hard/libc_nano.a(lib_a-sprintf.o)
                0x000000000000bd2c                sprintf
                0x000000000000bd2c                siprintf
 .text          0x000000000000bd6c       0x10 /home/blaze-8th/.platformio/packages/toolchain-gccarmnoneeabi/bin/../lib/gcc/arm-none-eabi/7.2.1/../../../../arm-none-eabi/lib/thumb/v7e-m/fpv4-sp/hard/libc_nano.a(lib_a-strlen.o)
                0x000000000000bd6c                strlen
 .text.__ascii_wctomb
                0x000000000000bd7c       0x1a /home/blaze-8th/.platformio/packages/toolchain-gccarmnoneeabi/bin/../lib/gcc/arm-none-eabi/7.2.1/../../../../arm-none-eabi/lib/thumb/v7e-m/fpv4-sp/hard/libc_nano.a(lib_a-wctomb_r.o)
                0x000000000000bd7c                __ascii_wctomb
 .text.quorem   0x000000000000bd96      0x118 /home/blaze-8th/.platformio/packages/toolchain-gccarmnoneeabi/bin/../lib/gcc/arm-none-eabi/7.2.1/../../../../arm-none-eabi/lib/thumb/v7e-m/fpv4-sp/hard/libc_nano.a(lib_a-dtoa.o)
 *fill*         0x000000000000beae        0x2 ff
 .text._dtoa_r  0x000000000000beb0      0xb70 /home/blaze-8th/.platformio/packages/toolchain-gccarmnoneeabi/bin/../lib/gcc/arm-none-eabi/7.2.1/../../../../arm-none-eabi/lib/thumb/v7e-m/fpv4-sp/hard/libc_nano.a(lib_a-dtoa.o)
                0x000000000000beb0                _dtoa_r
 .text.std      0x000000000000ca20       0x48 /home/blaze-8th/.platformio/packages/toolchain-gccarmnoneeabi/bin/../lib/gcc/arm-none-eabi/7.2.1/../../../../arm-none-eabi/lib/thumb/v7e-m/fpv4-sp/hard/libc_nano.a(lib_a-findfp.o)
 .text._cleanup_r
                0x000000000000ca68        0xc /home/blaze-8th/.platformio/packages/toolchain-gccarmnoneeabi/bin/../lib/gcc/arm-none-eabi/7.2.1/../../../../arm-none-eabi/lib/thumb/v7e-m/fpv4-sp/hard/libc_nano.a(lib_a-findfp.o)
                0x000000000000ca68                _cleanup_r
 .text.__sfmoreglue
                0x000000000000ca74       0x2c /home/blaze-8th/.platformio/packages/toolchain-gccarmnoneeabi/bin/../lib/gcc/arm-none-eabi/7.2.1/../../../../arm-none-eabi/lib/thumb/v7e-m/fpv4-sp/hard/libc_nano.a(lib_a-findfp.o)
                0x000000000000ca74                __sfmoreglue
 .text.__sinit  0x000000000000caa0       0x60 /home/blaze-8th/.platformio/packages/toolchain-gccarmnoneeabi/bin/../lib/gcc/arm-none-eabi/7.2.1/../../../../arm-none-eabi/lib/thumb/v7e-m/fpv4-sp/hard/libc_nano.a(lib_a-findfp.o)
                0x000000000000caa0                __sinit
 .text.__sfp    0x000000000000cb00       0x78 /home/blaze-8th/.platformio/packages/toolchain-gccarmnoneeabi/bin/../lib/gcc/arm-none-eabi/7.2.1/../../../../arm-none-eabi/lib/thumb/v7e-m/fpv4-sp/hard/libc_nano.a(lib_a-findfp.o)
                0x000000000000cb00                __sfp
 .text._fwalk_reent
                0x000000000000cb78       0x3c /home/blaze-8th/.platformio/packages/toolchain-gccarmnoneeabi/bin/../lib/gcc/arm-none-eabi/7.2.1/../../../../arm-none-eabi/lib/thumb/v7e-m/fpv4-sp/hard/libc_nano.a(lib_a-fwalk.o)
                0x000000000000cb78                _fwalk_reent
 .text._localeconv_r
                0x000000000000cbb4       0x1c /home/blaze-8th/.platformio/packages/toolchain-gccarmnoneeabi/bin/../lib/gcc/arm-none-eabi/7.2.1/../../../../arm-none-eabi/lib/thumb/v7e-m/fpv4-sp/hard/libc_nano.a(lib_a-localeconv.o)
                0x000000000000cbb4                _localeconv_r
 .text          0x000000000000cbd0       0xa0 /home/blaze-8th/.platformio/packages/toolchain-gccarmnoneeabi/bin/../lib/gcc/arm-none-eabi/7.2.1/../../../../arm-none-eabi/lib/thumb/v7e-m/fpv4-sp/hard/libc_nano.a(lib_a-memchr.o)
                0x000000000000cbd0                memchr
 .text.__malloc_lock
                0x000000000000cc70        0x2 /home/blaze-8th/.platformio/packages/toolchain-gccarmnoneeabi/bin/../lib/gcc/arm-none-eabi/7.2.1/../../../../arm-none-eabi/lib/thumb/v7e-m/fpv4-sp/hard/libc_nano.a(lib_a-mlock.o)
                0x000000000000cc70                __malloc_lock
 .text.__malloc_unlock
                0x000000000000cc72        0x2 /home/blaze-8th/.platformio/packages/toolchain-gccarmnoneeabi/bin/../lib/gcc/arm-none-eabi/7.2.1/../../../../arm-none-eabi/lib/thumb/v7e-m/fpv4-sp/hard/libc_nano.a(lib_a-mlock.o)
                0x000000000000cc72                __malloc_unlock
 .text._Balloc  0x000000000000cc74       0x68 /home/blaze-8th/.platformio/packages/toolchain-gccarmnoneeabi/bin/../lib/gcc/arm-none-eabi/7.2.1/../../../../arm-none-eabi/lib/thumb/v7e-m/fpv4-sp/hard/libc_nano.a(lib_a-mprec.o)
                0x000000000000cc74                _Balloc
 .text._Bfree   0x000000000000ccdc       0x2e /home/blaze-8th/.platformio/packages/toolchain-gccarmnoneeabi/bin/../lib/gcc/arm-none-eabi/7.2.1/../../../../arm-none-eabi/lib/thumb/v7e-m/fpv4-sp/hard/libc_nano.a(lib_a-mprec.o)
                0x000000000000ccdc                _Bfree
 .text.__multadd
                0x000000000000cd0a       0x76 /home/blaze-8th/.platformio/packages/toolchain-gccarmnoneeabi/bin/../lib/gcc/arm-none-eabi/7.2.1/../../../../arm-none-eabi/lib/thumb/v7e-m/fpv4-sp/hard/libc_nano.a(lib_a-mprec.o)
                0x000000000000cd0a                __multadd
 .text.__hi0bits
                0x000000000000cd80       0x3e /home/blaze-8th/.platformio/packages/toolchain-gccarmnoneeabi/bin/../lib/gcc/arm-none-eabi/7.2.1/../../../../arm-none-eabi/lib/thumb/v7e-m/fpv4-sp/hard/libc_nano.a(lib_a-mprec.o)
                0x000000000000cd80                __hi0bits
 .text.__lo0bits
                0x000000000000cdbe       0x5e /home/blaze-8th/.platformio/packages/toolchain-gccarmnoneeabi/bin/../lib/gcc/arm-none-eabi/7.2.1/../../../../arm-none-eabi/lib/thumb/v7e-m/fpv4-sp/hard/libc_nano.a(lib_a-mprec.o)
                0x000000000000cdbe                __lo0bits
 .text.__i2b    0x000000000000ce1c       0x12 /home/blaze-8th/.platformio/packages/toolchain-gccarmnoneeabi/bin/../lib/gcc/arm-none-eabi/7.2.1/../../../../arm-none-eabi/lib/thumb/v7e-m/fpv4-sp/hard/libc_nano.a(lib_a-mprec.o)
                0x000000000000ce1c                __i2b
 .text.__multiply
                0x000000000000ce2e      0x12c /home/blaze-8th/.platformio/packages/toolchain-gccarmnoneeabi/bin/../lib/gcc/arm-none-eabi/7.2.1/../../../../arm-none-eabi/lib/thumb/v7e-m/fpv4-sp/hard/libc_nano.a(lib_a-mprec.o)
                0x000000000000ce2e                __multiply
 *fill*         0x000000000000cf5a        0x2 ff
 .text.__pow5mult
                0x000000000000cf5c       0x9c /home/blaze-8th/.platformio/packages/toolchain-gccarmnoneeabi/bin/../lib/gcc/arm-none-eabi/7.2.1/../../../../arm-none-eabi/lib/thumb/v7e-m/fpv4-sp/hard/libc_nano.a(lib_a-mprec.o)
                0x000000000000cf5c                __pow5mult
 .text.__lshift
                0x000000000000cff8       0xa8 /home/blaze-8th/.platformio/packages/toolchain-gccarmnoneeabi/bin/../lib/gcc/arm-none-eabi/7.2.1/../../../../arm-none-eabi/lib/thumb/v7e-m/fpv4-sp/hard/libc_nano.a(lib_a-mprec.o)
                0x000000000000cff8                __lshift
 .text.__mcmp   0x000000000000d0a0       0x34 /home/blaze-8th/.platformio/packages/toolchain-gccarmnoneeabi/bin/../lib/gcc/arm-none-eabi/7.2.1/../../../../arm-none-eabi/lib/thumb/v7e-m/fpv4-sp/hard/libc_nano.a(lib_a-mprec.o)
                0x000000000000d0a0                __mcmp
 .text.__mdiff  0x000000000000d0d4       0xba /home/blaze-8th/.platformio/packages/toolchain-gccarmnoneeabi/bin/../lib/gcc/arm-none-eabi/7.2.1/../../../../arm-none-eabi/lib/thumb/v7e-m/fpv4-sp/hard/libc_nano.a(lib_a-mprec.o)
                0x000000000000d0d4                __mdiff
 .text.__d2b    0x000000000000d18e       0x9e /home/blaze-8th/.platformio/packages/toolchain-gccarmnoneeabi/bin/../lib/gcc/arm-none-eabi/7.2.1/../../../../arm-none-eabi/lib/thumb/v7e-m/fpv4-sp/hard/libc_nano.a(lib_a-mprec.o)
                0x000000000000d18e                __d2b
 .text._calloc_r
                0x000000000000d22c       0x1c /home/blaze-8th/.platformio/packages/toolchain-gccarmnoneeabi/bin/../lib/gcc/arm-none-eabi/7.2.1/../../../../arm-none-eabi/lib/thumb/v7e-m/fpv4-sp/hard/libc_nano.a(lib_a-nano-callocr.o)
                0x000000000000d22c                _calloc_r
 .text._realloc_r
                0x000000000000d248       0x4c /home/blaze-8th/.platformio/packages/toolchain-gccarmnoneeabi/bin/../lib/gcc/arm-none-eabi/7.2.1/../../../../arm-none-eabi/lib/thumb/v7e-m/fpv4-sp/hard/libc_nano.a(lib_a-nano-reallocr.o)
                0x000000000000d248                _realloc_r
 .text.__ssputs_r
                0x000000000000d294       0xb4 /home/blaze-8th/.platformio/packages/toolchain-gccarmnoneeabi/bin/../lib/gcc/arm-none-eabi/7.2.1/../../../../arm-none-eabi/lib/thumb/v7e-m/fpv4-sp/hard/libc_nano.a(lib_a-nano-svfprintf.o)
                0x000000000000d294                __ssputs_r
 .text._svfprintf_r
                0x000000000000d348      0x1ec /home/blaze-8th/.platformio/packages/toolchain-gccarmnoneeabi/bin/../lib/gcc/arm-none-eabi/7.2.1/../../../../arm-none-eabi/lib/thumb/v7e-m/fpv4-sp/hard/libc_nano.a(lib_a-nano-svfprintf.o)
                0x000000000000d348                _svfprintf_r
                0x000000000000d348                _svfiprintf_r
 .text.__sfputc_r
                0x000000000000d534       0x2e /home/blaze-8th/.platformio/packages/toolchain-gccarmnoneeabi/bin/../lib/gcc/arm-none-eabi/7.2.1/../../../../arm-none-eabi/lib/thumb/v7e-m/fpv4-sp/hard/libc_nano.a(lib_a-nano-vfprintf.o)
 .text.__sfputs_r
                0x000000000000d562       0x24 /home/blaze-8th/.platformio/packages/toolchain-gccarmnoneeabi/bin/../lib/gcc/arm-none-eabi/7.2.1/../../../../arm-none-eabi/lib/thumb/v7e-m/fpv4-sp/hard/libc_nano.a(lib_a-nano-vfprintf.o)
                0x000000000000d562                __sfputs_r
 *fill*         0x000000000000d586        0x2 ff
 .text._vfprintf_r
                0x000000000000d588      0x228 /home/blaze-8th/.platformio/packages/toolchain-gccarmnoneeabi/bin/../lib/gcc/arm-none-eabi/7.2.1/../../../../arm-none-eabi/lib/thumb/v7e-m/fpv4-sp/hard/libc_nano.a(lib_a-nano-vfprintf.o)
                0x000000000000d588                _vfiprintf_r
                0x000000000000d588                _vfprintf_r
 .text.__sread  0x000000000000d7b0       0x22 /home/blaze-8th/.platformio/packages/toolchain-gccarmnoneeabi/bin/../lib/gcc/arm-none-eabi/7.2.1/../../../../arm-none-eabi/lib/thumb/v7e-m/fpv4-sp/hard/libc_nano.a(lib_a-stdio.o)
                0x000000000000d7b0                __sread
 .text.__swrite
                0x000000000000d7d2       0x38 /home/blaze-8th/.platformio/packages/toolchain-gccarmnoneeabi/bin/../lib/gcc/arm-none-eabi/7.2.1/../../../../arm-none-eabi/lib/thumb/v7e-m/fpv4-sp/hard/libc_nano.a(lib_a-stdio.o)
                0x000000000000d7d2                __swrite
 .text.__sseek  0x000000000000d80a       0x24 /home/blaze-8th/.platformio/packages/toolchain-gccarmnoneeabi/bin/../lib/gcc/arm-none-eabi/7.2.1/../../../../arm-none-eabi/lib/thumb/v7e-m/fpv4-sp/hard/libc_nano.a(lib_a-stdio.o)
                0x000000000000d80a                __sseek
 .text.__sclose
                0x000000000000d82e        0x8 /home/blaze-8th/.platformio/packages/toolchain-gccarmnoneeabi/bin/../lib/gcc/arm-none-eabi/7.2.1/../../../../arm-none-eabi/lib/thumb/v7e-m/fpv4-sp/hard/libc_nano.a(lib_a-stdio.o)
                0x000000000000d82e                __sclose
 *fill*         0x000000000000d836        0x2 ff
 .text.__swbuf_r
                0x000000000000d838       0xa4 /home/blaze-8th/.platformio/packages/toolchain-gccarmnoneeabi/bin/../lib/gcc/arm-none-eabi/7.2.1/../../../../arm-none-eabi/lib/thumb/v7e-m/fpv4-sp/hard/libc_nano.a(lib_a-wbuf.o)
                0x000000000000d838                __swbuf_r
 .text._write_r
                0x000000000000d8dc       0x24 /home/blaze-8th/.platformio/packages/toolchain-gccarmnoneeabi/bin/../lib/gcc/arm-none-eabi/7.2.1/../../../../arm-none-eabi/lib/thumb/v7e-m/fpv4-sp/hard/libc_nano.a(lib_a-writer.o)
                0x000000000000d8dc                _write_r
 .text.__swsetup_r
                0x000000000000d900       0xdc /home/blaze-8th/.platformio/packages/toolchain-gccarmnoneeabi/bin/../lib/gcc/arm-none-eabi/7.2.1/../../../../arm-none-eabi/lib/thumb/v7e-m/fpv4-sp/hard/libc_nano.a(lib_a-wsetup.o)
                0x000000000000d900                __swsetup_r
 .text._close_r
                0x000000000000d9dc       0x20 /home/blaze-8th/.platformio/packages/toolchain-gccarmnoneeabi/bin/../lib/gcc/arm-none-eabi/7.2.1/../../../../arm-none-eabi/lib/thumb/v7e-m/fpv4-sp/hard/libc_nano.a(lib_a-closer.o)
                0x000000000000d9dc                _close_r
 .text.__sflush_r
                0x000000000000d9fc      0x10c /home/blaze-8th/.platformio/packages/toolchain-gccarmnoneeabi/bin/../lib/gcc/arm-none-eabi/7.2.1/../../../../arm-none-eabi/lib/thumb/v7e-m/fpv4-sp/hard/libc_nano.a(lib_a-fflush.o)
                0x000000000000d9fc                __sflush_r
 .text._fflush_r
                0x000000000000db08       0x54 /home/blaze-8th/.platformio/packages/toolchain-gccarmnoneeabi/bin/../lib/gcc/arm-none-eabi/7.2.1/../../../../arm-none-eabi/lib/thumb/v7e-m/fpv4-sp/hard/libc_nano.a(lib_a-fflush.o)
                0x000000000000db08                _fflush_r
 .text._lseek_r
                0x000000000000db5c       0x24 /home/blaze-8th/.platformio/packages/toolchain-gccarmnoneeabi/bin/../lib/gcc/arm-none-eabi/7.2.1/../../../../arm-none-eabi/lib/thumb/v7e-m/fpv4-sp/hard/libc_nano.a(lib_a-lseekr.o)
                0x000000000000db5c                _lseek_r
 .text.__swhatbuf_r
                0x000000000000db80       0x48 /home/blaze-8th/.platformio/packages/toolchain-gccarmnoneeabi/bin/../lib/gcc/arm-none-eabi/7.2.1/../../../../arm-none-eabi/lib/thumb/v7e-m/fpv4-sp/hard/libc_nano.a(lib_a-makebuf.o)
                0x000000000000db80                __swhatbuf_r
 .text.__smakebuf_r
                0x000000000000dbc8       0x80 /home/blaze-8th/.platformio/packages/toolchain-gccarmnoneeabi/bin/../lib/gcc/arm-none-eabi/7.2.1/../../../../arm-none-eabi/lib/thumb/v7e-m/fpv4-sp/hard/libc_nano.a(lib_a-makebuf.o)
                0x000000000000dbc8                __smakebuf_r
 .text._malloc_usable_size_r
                0x000000000000dc48       0x10 /home/blaze-8th/.platformio/packages/toolchain-gccarmnoneeabi/bin/../lib/gcc/arm-none-eabi/7.2.1/../../../../arm-none-eabi/lib/thumb/v7e-m/fpv4-sp/hard/libc_nano.a(lib_a-nano-msizer.o)
                0x000000000000dc48                _malloc_usable_size_r
 .text._read_r  0x000000000000dc58       0x24 /home/blaze-8th/.platformio/packages/toolchain-gccarmnoneeabi/bin/../lib/gcc/arm-none-eabi/7.2.1/../../../../arm-none-eabi/lib/thumb/v7e-m/fpv4-sp/hard/libc_nano.a(lib_a-readr.o)
                0x000000000000dc58                _read_r
 .text._fstat_r
                0x000000000000dc7c       0x24 /home/blaze-8th/.platformio/packages/toolchain-gccarmnoneeabi/bin/../lib/gcc/arm-none-eabi/7.2.1/../../../../arm-none-eabi/lib/thumb/v7e-m/fpv4-sp/hard/libc_nano.a(lib_a-fstatr.o)
                0x000000000000dc7c                _fstat_r
 .text._isatty_r
                0x000000000000dca0       0x20 /home/blaze-8th/.platformio/packages/toolchain-gccarmnoneeabi/bin/../lib/gcc/arm-none-eabi/7.2.1/../../../../arm-none-eabi/lib/thumb/v7e-m/fpv4-sp/hard/libc_nano.a(lib_a-isattyr.o)
                0x000000000000dca0                _isatty_r
 .text          0x000000000000dcc0       0x50 /home/blaze-8th/.platformio/packages/toolchain-gccarmnoneeabi/bin/../lib/gcc/arm-none-eabi/7.2.1/thumb/v7e-m/fpv4-sp/hard/libgcc.a(_arm_fixdfsi.o)
                0x000000000000dcc0                __fixdfsi
                0x000000000000dcc0                __aeabi_d2iz
 .text._close   0x000000000000dd10       0x10 /home/blaze-8th/.platformio/packages/toolchain-gccarmnoneeabi/bin/../lib/gcc/arm-none-eabi/7.2.1/../../../../arm-none-eabi/lib/thumb/v7e-m/fpv4-sp/hard/libnosys.a(close.o)
                0x000000000000dd10                _close
 .text._fstat   0x000000000000dd20       0x10 /home/blaze-8th/.platformio/packages/toolchain-gccarmnoneeabi/bin/../lib/gcc/arm-none-eabi/7.2.1/../../../../arm-none-eabi/lib/thumb/v7e-m/fpv4-sp/hard/libnosys.a(fstat.o)
                0x000000000000dd20                _fstat
 .text._getpid  0x000000000000dd30       0x10 /home/blaze-8th/.platformio/packages/toolchain-gccarmnoneeabi/bin/../lib/gcc/arm-none-eabi/7.2.1/../../../../arm-none-eabi/lib/thumb/v7e-m/fpv4-sp/hard/libnosys.a(getpid.o)
                0x000000000000dd30                _getpid
 .text._isatty  0x000000000000dd40       0x10 /home/blaze-8th/.platformio/packages/toolchain-gccarmnoneeabi/bin/../lib/gcc/arm-none-eabi/7.2.1/../../../../arm-none-eabi/lib/thumb/v7e-m/fpv4-sp/hard/libnosys.a(isatty.o)
                0x000000000000dd40                _isatty
 .text._kill    0x000000000000dd50       0x10 /home/blaze-8th/.platformio/packages/toolchain-gccarmnoneeabi/bin/../lib/gcc/arm-none-eabi/7.2.1/../../../../arm-none-eabi/lib/thumb/v7e-m/fpv4-sp/hard/libnosys.a(kill.o)
                0x000000000000dd50                _kill
 .text._lseek   0x000000000000dd60       0x10 /home/blaze-8th/.platformio/packages/toolchain-gccarmnoneeabi/bin/../lib/gcc/arm-none-eabi/7.2.1/../../../../arm-none-eabi/lib/thumb/v7e-m/fpv4-sp/hard/libnosys.a(lseek.o)
                0x000000000000dd60                _lseek
 .text._read    0x000000000000dd70       0x10 /home/blaze-8th/.platformio/packages/toolchain-gccarmnoneeabi/bin/../lib/gcc/arm-none-eabi/7.2.1/../../../../arm-none-eabi/lib/thumb/v7e-m/fpv4-sp/hard/libnosys.a(read.o)
                0x000000000000dd70                _read
 .text._sbrk    0x000000000000dd80       0x1c /home/blaze-8th/.platformio/packages/toolchain-gccarmnoneeabi/bin/../lib/gcc/arm-none-eabi/7.2.1/../../../../arm-none-eabi/lib/thumb/v7e-m/fpv4-sp/hard/libnosys.a(sbrk.o)
                0x000000000000dd80                _sbrk
 .text._exit    0x000000000000dd9c        0x4 /home/blaze-8th/.platformio/packages/toolchain-gccarmnoneeabi/bin/../lib/gcc/arm-none-eabi/7.2.1/../../../../arm-none-eabi/lib/thumb/v7e-m/fpv4-sp/hard/libnosys.a(_exit.o)
                0x000000000000dd9c                _exit
 *(.version)
 .version       0x000000000000dda0       0x50 /home/blaze-8th/.platformio/packages/framework-arduinorenesas-uno/variants/UNOWIFIR4/libs/libfsp.a(bsp_common.o)
 *(.init)
 .init          0x000000000000ddf0        0x4 /home/blaze-8th/.platformio/packages/toolchain-gccarmnoneeabi/bin/../lib/gcc/arm-none-eabi/7.2.1/thumb/v7e-m/fpv4-sp/hard/crti.o
                0x000000000000ddf0                _init
 .init          0x000000000000ddf4        0x8 /home/blaze-8th/.platformio/packages/toolchain-gccarmnoneeabi/bin/../lib/gcc/arm-none-eabi/7.2.1/thumb/v7e-m/fpv4-sp/hard/crtn.o
 *(.fini)
 .fini          0x000000000000ddfc        0x4 /home/blaze-8th/.platformio/packages/toolchain-gccarmnoneeabi/bin/../lib/gcc/arm-none-eabi/7.2.1/thumb/v7e-m/fpv4-sp/hard/crti.o
                0x000000000000ddfc                _fini
 .fini          0x000000000000de00        0x8 /home/blaze-8th/.platformio/packages/toolchain-gccarmnoneeabi/bin/../lib/gcc/arm-none-eabi/7.2.1/thumb/v7e-m/fpv4-sp/hard/crtn.o
 *crtbegin.o(.ctors)
 *crtbegin?.o(.ctors)
 *(EXCLUDE_FILE(*crtend.o *crtend?.o) .ctors)
 *(SORT_BY_NAME(.ctors.*))
 *(.ctors)
 *crtbegin.o(.dtors)
 *crtbegin?.o(.dtors)
 *(EXCLUDE_FILE(*crtend.o *crtend?.o) .dtors)
 *(SORT_BY_NAME(.dtors.*))
 *(.dtors)
 *(.rodata*)
 .rodata.setup.str1.1
                0x000000000000de08       0x26 .pio/build/uno_r4_wifi/src/main.cpp.o
 .rodata.CSWTCH.76
                0x000000000000de2e        0xb .pio/build/uno_r4_wifi/lib7a6/libRTC.a(RTC.cpp.o)
 .rodata.CSWTCH.80
                0x000000000000de39        0x6 .pio/build/uno_r4_wifi/lib7a6/libRTC.a(RTC.cpp.o)
 *fill*         0x000000000000de3f        0x1 ff
 .rodata._ZL11rtc_err_cfg
                0x000000000000de40        0x8 .pio/build/uno_r4_wifi/lib7a6/libRTC.a(RTC.cpp.o)
 .rodata._ZTV4UART
                0x000000000000de48       0x34 .pio/build/uno_r4_wifi/libFrameworkArduino.a(Serial.cpp.o)
                0x000000000000de48                vtable for UART
 .rodata._ZN7arduino5Print7printlnEv.str1.1
                0x000000000000de7c        0x3 .pio/build/uno_r4_wifi/libFrameworkArduino.a(Print.cpp.o)
 .rodata        0x000000000000de7f        0xd .pio/build/uno_r4_wifi/libFrameworkArduino.a(main.cpp.o)
 .rodata._Z12arduino_mainv.str1.1
                0x000000000000de8c       0x10 .pio/build/uno_r4_wifi/libFrameworkArduino.a(main.cpp.o)
 .rodata.g_interrupt_event_link_select
                0x000000000000de9c       0x20 .pio/build/uno_r4_wifi/libFrameworkArduino.a(vector_table.c.o)
                0x000000000000de9c                g_interrupt_event_link_select
 .rodata.CSWTCH.44
                0x000000000000debc        0x6 .pio/build/uno_r4_wifi/libFrameworkArduino.a(analog.cpp.o)
 .rodata.CSWTCH.72
                0x000000000000dec2        0x5 .pio/build/uno_r4_wifi/libFrameworkArduino.a(analog.cpp.o)
 .rodata.__FUNCTION__.6535
                0x000000000000dec7       0x13 .pio/build/uno_r4_wifi/libFrameworkArduino.a(cm_backtrace.c.o)
 .rodata.cm_backtrace_assert.str1.1
                0x000000000000deda       0x26 .pio/build/uno_r4_wifi/libFrameworkArduino.a(cm_backtrace.c.o)
                                         0x28 (size before relaxing)
 .rodata.cm_backtrace_fault.str1.1
                0x000000000000df00      0x6ae .pio/build/uno_r4_wifi/libFrameworkArduino.a(cm_backtrace.c.o)
 .rodata.cm_backtrace_firmware_info.str1.1
                0x000000000000e5ae       0x23 .pio/build/uno_r4_wifi/libFrameworkArduino.a(cm_backtrace.c.o)
 .rodata.cm_backtrace_init.str1.1
                0x000000000000e5d1       0x62 .pio/build/uno_r4_wifi/libFrameworkArduino.a(cm_backtrace.c.o)
 .rodata.dump_stack.str1.1
                0x000000000000e633       0x65 .pio/build/uno_r4_wifi/libFrameworkArduino.a(cm_backtrace.c.o)
                                         0x8d (size before relaxing)
 .rodata.print_call_stack.str1.1
                0x000000000000e698       0x65 .pio/build/uno_r4_wifi/libFrameworkArduino.a(cm_backtrace.c.o)
 .rodata.str1.1
                0x000000000000e6fd       0x20 .pio/build/uno_r4_wifi/libFrameworkArduino.a(cm_backtrace.c.o)
 *fill*         0x000000000000e71d        0x3 ff
 .rodata.g_async_baud
                0x000000000000e720        0xd /home/blaze-8th/.platformio/packages/framework-arduinorenesas-uno/variants/UNOWIFIR4/libs/libfsp.a(r_sci_uart.o)
 *fill*         0x000000000000e72d        0x3 ff
 .rodata.g_div_coefficient
                0x000000000000e730       0x1a /home/blaze-8th/.platformio/packages/framework-arduinorenesas-uno/variants/UNOWIFIR4/libs/libfsp.a(r_sci_uart.o)
 *fill*         0x000000000000e74a        0x2 ff
 .rodata.adc_elc_trigger_lut
                0x000000000000e74c        0xc /home/blaze-8th/.platformio/packages/framework-arduinorenesas-uno/variants/UNOWIFIR4/libs/libfsp.a(r_adc.o)
 .rodata.g_prcr_masks
                0x000000000000e758        0x8 /home/blaze-8th/.platformio/packages/framework-arduinorenesas-uno/variants/UNOWIFIR4/libs/libfsp.a(bsp_register_protection.o)
 .rodata._ZL4P000
                0x000000000000e760        0x4 .pio/build/uno_r4_wifi/libFrameworkArduinoVariant.a(variant.cpp.o)
 .rodata._ZL4P001
                0x000000000000e764        0x4 .pio/build/uno_r4_wifi/libFrameworkArduinoVariant.a(variant.cpp.o)
 .rodata._ZL4P002
                0x000000000000e768        0x4 .pio/build/uno_r4_wifi/libFrameworkArduinoVariant.a(variant.cpp.o)
 .rodata._ZL4P003
                0x000000000000e76c        0x2 .pio/build/uno_r4_wifi/libFrameworkArduinoVariant.a(variant.cpp.o)
 .rodata._ZL4P004
                0x000000000000e76e        0x4 .pio/build/uno_r4_wifi/libFrameworkArduinoVariant.a(variant.cpp.o)
 .rodata._ZL4P011
                0x000000000000e772        0x4 .pio/build/uno_r4_wifi/libFrameworkArduinoVariant.a(variant.cpp.o)
 .rodata._ZL4P012
                0x000000000000e776        0x2 .pio/build/uno_r4_wifi/libFrameworkArduinoVariant.a(variant.cpp.o)
 .rodata._ZL4P013
                0x000000000000e778        0x2 .pio/build/uno_r4_wifi/libFrameworkArduinoVariant.a(variant.cpp.o)
 .rodata._ZL4P015
                0x000000000000e77a        0x4 .pio/build/uno_r4_wifi/libFrameworkArduinoVariant.a(variant.cpp.o)
 .rodata._ZL4P100
                0x000000000000e77e        0xe .pio/build/uno_r4_wifi/libFrameworkArduinoVariant.a(variant.cpp.o)
 .rodata._ZL4P101
                0x000000000000e78c        0xe .pio/build/uno_r4_wifi/libFrameworkArduinoVariant.a(variant.cpp.o)
 .rodata._ZL4P102
                0x000000000000e79a        0xc .pio/build/uno_r4_wifi/libFrameworkArduinoVariant.a(variant.cpp.o)
 .rodata._ZL4P103
                0x000000000000e7a6        0x8 .pio/build/uno_r4_wifi/libFrameworkArduinoVariant.a(variant.cpp.o)
 .rodata._ZL4P104
                0x000000000000e7ae        0x6 .pio/build/uno_r4_wifi/libFrameworkArduinoVariant.a(variant.cpp.o)
 .rodata._ZL4P105
                0x000000000000e7b4        0x4 .pio/build/uno_r4_wifi/libFrameworkArduinoVariant.a(variant.cpp.o)
 .rodata._ZL4P106
                0x000000000000e7b8        0x2 .pio/build/uno_r4_wifi/libFrameworkArduinoVariant.a(variant.cpp.o)
 .rodata._ZL4P107
                0x000000000000e7ba        0x2 .pio/build/uno_r4_wifi/libFrameworkArduinoVariant.a(variant.cpp.o)
 .rodata._ZL4P109
                0x000000000000e7bc        0xa .pio/build/uno_r4_wifi/libFrameworkArduinoVariant.a(variant.cpp.o)
 .rodata._ZL4P110
                0x000000000000e7c6        0xc .pio/build/uno_r4_wifi/libFrameworkArduinoVariant.a(variant.cpp.o)
 .rodata._ZL4P111
                0x000000000000e7d2        0xa .pio/build/uno_r4_wifi/libFrameworkArduinoVariant.a(variant.cpp.o)
 .rodata._ZL4P112
                0x000000000000e7dc        0x6 .pio/build/uno_r4_wifi/libFrameworkArduinoVariant.a(variant.cpp.o)
 .rodata._ZL4P204
                0x000000000000e7e2        0xa .pio/build/uno_r4_wifi/libFrameworkArduinoVariant.a(variant.cpp.o)
 .rodata._ZL4P205
                0x000000000000e7ec        0xa .pio/build/uno_r4_wifi/libFrameworkArduinoVariant.a(variant.cpp.o)
 .rodata._ZL4P206
                0x000000000000e7f6        0x6 .pio/build/uno_r4_wifi/libFrameworkArduinoVariant.a(variant.cpp.o)
 .rodata._ZL4P212
                0x000000000000e7fc        0x6 .pio/build/uno_r4_wifi/libFrameworkArduinoVariant.a(variant.cpp.o)
 .rodata._ZL4P213
                0x000000000000e802        0x6 .pio/build/uno_r4_wifi/libFrameworkArduinoVariant.a(variant.cpp.o)
 .rodata._ZL4P301
                0x000000000000e808        0x8 .pio/build/uno_r4_wifi/libFrameworkArduinoVariant.a(variant.cpp.o)
 .rodata._ZL4P302